[    0.000000] Linux version 5.6.4-arch1-1 (linux@archlinux) (gcc version 9.3.0 (Arch Linux 9.3.0-1)) #1 SMP PREEMPT Mon, 13 Apr 2020 12:21:19 +0000
[    0.000000] Command line: BOOT_IMAGE=/vmlinuz-linux root=/dev/mapper/system-root rw cryptdevice=/dev/nvme0n1p2:system resume=/dev/mapper/system-swap loglevel=3 quiet
[    0.000000] KERNEL supported cpus:
[    0.000000]   Intel GenuineIntel
[    0.000000]   AMD AuthenticAMD
[    0.000000]   Hygon HygonGenuine
[    0.000000]   Centaur CentaurHauls
[    0.000000]   zhaoxin   Shanghai  
[    0.000000] x86/fpu: Supporting XSAVE feature 0x001: 'x87 floating point registers'
[    0.000000] x86/fpu: Supporting XSAVE feature 0x002: 'SSE registers'
[    0.000000] x86/fpu: Supporting XSAVE feature 0x004: 'AVX registers'
[    0.000000] x86/fpu: xstate_offset[2]:  576, xstate_sizes[2]:  256
[    0.000000] x86/fpu: Enabled xstate features 0x7, context size is 832 bytes, using 'compacted' format.
[    0.000000] BIOS-provided physical RAM map:
[    0.000000] BIOS-e820: [mem 0x0000000000000000-0x000000000009efff] usable
[    0.000000] BIOS-e820: [mem 0x000000000009f000-0x000000000009ffff] reserved
[    0.000000] BIOS-e820: [mem 0x00000000000e0000-0x00000000000fffff] reserved
[    0.000000] BIOS-e820: [mem 0x0000000000100000-0x0000000009bfffff] usable
[    0.000000] BIOS-e820: [mem 0x0000000009c00000-0x0000000009cd0fff] reserved
[    0.000000] BIOS-e820: [mem 0x0000000009cd1000-0x0000000009efffff] usable
[    0.000000] BIOS-e820: [mem 0x0000000009f00000-0x0000000009f0afff] ACPI NVS
[    0.000000] BIOS-e820: [mem 0x0000000009f0b000-0x00000000b87b0fff] usable
[    0.000000] BIOS-e820: [mem 0x00000000b87b1000-0x00000000b89b0fff] type 20
[    0.000000] BIOS-e820: [mem 0x00000000b89b1000-0x00000000bb77dfff] reserved
[    0.000000] BIOS-e820: [mem 0x00000000bb77e000-0x00000000bbb6cfff] ACPI NVS
[    0.000000] BIOS-e820: [mem 0x00000000bbb6d000-0x00000000bbb6dfff] reserved
[    0.000000] BIOS-e820: [mem 0x00000000bbb6e000-0x00000000bd77dfff] ACPI NVS
[    0.000000] BIOS-e820: [mem 0x00000000bd77e000-0x00000000bd7fdfff] ACPI data
[    0.000000] BIOS-e820: [mem 0x00000000bd7fe000-0x00000000beffffff] usable
[    0.000000] BIOS-e820: [mem 0x00000000bf000000-0x00000000bfffffff] reserved
[    0.000000] BIOS-e820: [mem 0x00000000fd200000-0x00000000fd2fffff] reserved
[    0.000000] BIOS-e820: [mem 0x00000000fed80000-0x00000000fed80fff] reserved
[    0.000000] BIOS-e820: [mem 0x0000000100000000-0x000000021effffff] usable
[    0.000000] NX (Execute Disable) protection: active
[    0.000000] efi: EFI v2.70 by Lenovo
[    0.000000] efi:  ACPI=0xbd7fd000  ACPI 2.0=0xbd7fd014  TPMFinalLog=0xbd62b000  SMBIOS=0xba14e000  SMBIOS 3.0=0xba141000  MEMATTR=0xb5585018  ESRT=0xb8ce7000 
[    0.000000] SMBIOS 3.1.1 present.
[    0.000000] DMI: LENOVO 20QJ0005US/20QJ0005US, BIOS R13ET42W(1.16 ) 02/19/2020
[    0.000000] tsc: Fast TSC calibration using PIT
[    0.000000] tsc: Detected 2096.155 MHz processor
[    0.000016] e820: update [mem 0x00000000-0x00000fff] usable ==> reserved
[    0.000018] e820: remove [mem 0x000a0000-0x000fffff] usable
[    0.000023] last_pfn = 0x21f000 max_arch_pfn = 0x400000000
[    0.000027] MTRR default type: uncachable
[    0.000028] MTRR fixed ranges enabled:
[    0.000029]   00000-9FFFF write-back
[    0.000030]   A0000-BFFFF uncachable
[    0.000031]   C0000-FFFFF write-protect
[    0.000031] MTRR variable ranges enabled:
[    0.000033]   0 base 000000000000 mask FFFF80000000 write-back
[    0.000034]   1 base 000080000000 mask FFFFC0000000 write-back
[    0.000035]   2 base 0000FF000000 mask FFFFFF000000 write-protect
[    0.000035]   3 base 0000BF000000 mask FFFFFF000000 uncachable
[    0.000036]   4 disabled
[    0.000036]   5 disabled
[    0.000037]   6 disabled
[    0.000037]   7 disabled
[    0.000038] TOM2: 0000000240000000 aka 9216M
[    0.000364] x86/PAT: Configuration [0-7]: WB  WC  UC- UC  WB  WP  UC- WT  
[    0.000481] last_pfn = 0xbf000 max_arch_pfn = 0x400000000
[    0.004158] esrt: Reserving ESRT space from 0x00000000b8ce7000 to 0x00000000b8ce70b0.
[    0.004167] check: Scanning 1 areas for low memory corruption
[    0.004176] Using GB pages for direct mapping
[    0.004178] BRK [0x57601000, 0x57601fff] PGTABLE
[    0.004180] BRK [0x57602000, 0x57602fff] PGTABLE
[    0.004181] BRK [0x57603000, 0x57603fff] PGTABLE
[    0.004213] BRK [0x57604000, 0x57604fff] PGTABLE
[    0.004214] BRK [0x57605000, 0x57605fff] PGTABLE
[    0.004338] BRK [0x57606000, 0x57606fff] PGTABLE
[    0.004341] BRK [0x57607000, 0x57607fff] PGTABLE
[    0.004489] BRK [0x57608000, 0x57608fff] PGTABLE
[    0.004536] Secure boot could not be determined
[    0.004537] RAMDISK: [mem 0x35627000-0x36b0afff]
[    0.004551] ACPI: Early table checksum verification disabled
[    0.004554] ACPI: RSDP 0x00000000BD7FD014 000024 (v02 LENOVO)
[    0.004557] ACPI: XSDT 0x00000000BD7FB188 0000E4 (v01 LENOVO TP-R13   00001100 PTEC 00000002)
[    0.004562] ACPI: FACP 0x00000000B8D17000 00010C (v05 LENOVO TP-R13   00001100 PTEC 00000002)
[    0.004567] ACPI: DSDT 0x00000000B8D04000 00DA1F (v01 LENOVO TP-R13   00001100 INTL 20120711)
[    0.004569] ACPI: FACS 0x00000000BD61A000 000040
[    0.004571] ACPI: SSDT 0x00000000BA158000 000D2D (v01 LENOVO UsbCTabl 00000001 INTL 20120711)
[    0.004574] ACPI: SSDT 0x00000000BA152000 005419 (v02 LENOVO TP-R13   00000002 MSFT 02000002)
[    0.004576] ACPI: SSDT 0x00000000BA122000 000651 (v02 LENOVO Tpm2Tabl 00001000 INTL 20120711)
[    0.004579] ACPI: TPM2 0x00000000BA121000 000034 (v03 LENOVO TP-R13   00001100 PTEC 00000002)
[    0.004581] ACPI: SSDT 0x00000000BA120000 000924 (v01 LENOVO WmiTable 00000001 INTL 20120711)
[    0.004583] ACPI: MSDM 0x00000000BA0FB000 000055 (v03 LENOVO TP-R13   00001100 PTEC 00000002)
[    0.004585] ACPI: BATB 0x00000000B9F1E000 00004A (v02 LENOVO TP-R13   00001100 PTEC 00000002)
[    0.004587] ACPI: HPET 0x00000000B8D16000 000038 (v01 LENOVO TP-R13   00001100 PTEC 00000002)
[    0.004590] ACPI: APIC 0x00000000B8D15000 000138 (v02 LENOVO TP-R13   00001100 PTEC 00000002)
[    0.004592] ACPI: MCFG 0x00000000B8D14000 00003C (v01 LENOVO TP-R13   00001100 PTEC 00000002)
[    0.004594] ACPI: SBST 0x00000000B8D13000 000030 (v01 LENOVO TP-R13   00001100 PTEC 00000002)
[    0.004596] ACPI: WSMT 0x00000000B8D12000 000028 (v01 LENOVO TP-R13   00001100 PTEC 00000002)
[    0.004598] ACPI: VFCT 0x00000000B8CF6000 00D484 (v01 LENOVO TP-R13   00001100 PTEC 00000002)
[    0.004600] ACPI: IVRS 0x00000000B8CF5000 00013E (v02 LENOVO TP-R13   00001100 PTEC 00000002)
[    0.004603] ACPI: SSDT 0x00000000B8CF3000 00119C (v01 LENOVO TP-R13   00000001 AMD  00000001)
[    0.004605] ACPI: CRAT 0x00000000B8CF2000 000810 (v01 LENOVO TP-R13   00001100 PTEC 00000002)
[    0.004607] ACPI: CDIT 0x00000000B8CF1000 000029 (v01 LENOVO TP-R13   00001100 PTEC 00000002)
[    0.004609] ACPI: FPDT 0x00000000B8CF0000 000034 (v01 LENOVO TP-R13   00001100 PTEC 00000002)
[    0.004611] ACPI: SSDT 0x00000000B8CEA000 000C5D (v01 LENOVO TP-R13   00000001 INTL 20120711)
[    0.004613] ACPI: SSDT 0x00000000B8CE8000 001134 (v01 LENOVO TP-R13   00000001 INTL 20120711)
[    0.004616] ACPI: SSDT 0x00000000B8CE5000 001DCC (v01 LENOVO TP-R13   00000001 INTL 20120711)
[    0.004618] ACPI: BGRT 0x00000000B8CE4000 000038 (v01 LENOVO TP-R13   00001100 PTEC 00000002)
[    0.004620] ACPI: UEFI 0x00000000BD619000 0000B2 (v01 LENOVO TP-R13   00001100 PTEC 00000002)
[    0.004626] ACPI: Local APIC address 0xfee00000
[    0.004738] No NUMA configuration found
[    0.004739] Faking a node at [mem 0x0000000000000000-0x000000021effffff]
[    0.004742] NODE_DATA(0) allocated [mem 0x21effa000-0x21effdfff]
[    0.004765] Zone ranges:
[    0.004765]   DMA      [mem 0x0000000000001000-0x0000000000ffffff]
[    0.004766]   DMA32    [mem 0x0000000001000000-0x00000000ffffffff]
[    0.004767]   Normal   [mem 0x0000000100000000-0x000000021effffff]
[    0.004768]   Device   empty
[    0.004769] Movable zone start for each node
[    0.004769] Early memory node ranges
[    0.004770]   node   0: [mem 0x0000000000001000-0x000000000009efff]
[    0.004771]   node   0: [mem 0x0000000000100000-0x0000000009bfffff]
[    0.004772]   node   0: [mem 0x0000000009cd1000-0x0000000009efffff]
[    0.004772]   node   0: [mem 0x0000000009f0b000-0x00000000b87b0fff]
[    0.004773]   node   0: [mem 0x00000000bd7fe000-0x00000000beffffff]
[    0.004774]   node   0: [mem 0x0000000100000000-0x000000021effffff]
[    0.004980] Zeroed struct page in unavailable ranges: 29067 pages
[    0.004981] Initmem setup node 0 [mem 0x0000000000001000-0x000000021effffff]
[    0.004982] On node 0 totalpages: 1937013
[    0.004983]   DMA zone: 64 pages used for memmap
[    0.004984]   DMA zone: 22 pages reserved
[    0.004985]   DMA zone: 3998 pages, LIFO batch:0
[    0.005033]   DMA32 zone: 11836 pages used for memmap
[    0.005034]   DMA32 zone: 757463 pages, LIFO batch:63
[    0.014541]   Normal zone: 18368 pages used for memmap
[    0.014543]   Normal zone: 1175552 pages, LIFO batch:63
[    0.028748] ACPI: PM-Timer IO Port: 0x408
[    0.028751] ACPI: Local APIC address 0xfee00000
[    0.028759] ACPI: LAPIC_NMI (acpi_id[0x00] high edge lint[0x1])
[    0.028759] ACPI: LAPIC_NMI (acpi_id[0x01] high edge lint[0x1])
[    0.028760] ACPI: LAPIC_NMI (acpi_id[0x02] high edge lint[0x1])
[    0.028761] ACPI: LAPIC_NMI (acpi_id[0x03] high edge lint[0x1])
[    0.028761] ACPI: LAPIC_NMI (acpi_id[0x04] high edge lint[0x1])
[    0.028762] ACPI: LAPIC_NMI (acpi_id[0x05] high edge lint[0x1])
[    0.028762] ACPI: LAPIC_NMI (acpi_id[0x06] high edge lint[0x1])
[    0.028763] ACPI: LAPIC_NMI (acpi_id[0x07] high edge lint[0x1])
[    0.028763] ACPI: LAPIC_NMI (acpi_id[0x08] high edge lint[0x1])
[    0.028764] ACPI: LAPIC_NMI (acpi_id[0x09] high edge lint[0x1])
[    0.028764] ACPI: LAPIC_NMI (acpi_id[0x0a] high edge lint[0x1])
[    0.028765] ACPI: LAPIC_NMI (acpi_id[0x0b] high edge lint[0x1])
[    0.028766] ACPI: LAPIC_NMI (acpi_id[0x0c] high edge lint[0x1])
[    0.028766] ACPI: LAPIC_NMI (acpi_id[0x0d] high edge lint[0x1])
[    0.028767] ACPI: LAPIC_NMI (acpi_id[0x0e] high edge lint[0x1])
[    0.028767] ACPI: LAPIC_NMI (acpi_id[0x0f] high edge lint[0x1])
[    0.028787] IOAPIC[0]: apic_id 32, version 33, address 0xfec00000, GSI 0-23
[    0.028794] IOAPIC[1]: apic_id 33, version 33, address 0xfec01000, GSI 24-55
[    0.028796] ACPI: INT_SRC_OVR (bus 0 bus_irq 0 global_irq 2 dfl dfl)
[    0.028797] ACPI: INT_SRC_OVR (bus 0 bus_irq 9 global_irq 9 low level)
[    0.028798] ACPI: IRQ0 used by override.
[    0.028799] ACPI: IRQ9 used by override.
[    0.028801] Using ACPI (MADT) for SMP configuration information
[    0.028802] ACPI: HPET id: 0x43538210 base: 0xfed00000
[    0.028812] e820: update [mem 0xb521d000-0xb52adfff] usable ==> reserved
[    0.028821] smpboot: Allowing 16 CPUs, 8 hotplug CPUs
[    0.028842] PM: hibernation: Registered nosave memory: [mem 0x00000000-0x00000fff]
[    0.028843] PM: hibernation: Registered nosave memory: [mem 0x0009f000-0x0009ffff]
[    0.028844] PM: hibernation: Registered nosave memory: [mem 0x000a0000-0x000dffff]
[    0.028844] PM: hibernation: Registered nosave memory: [mem 0x000e0000-0x000fffff]
[    0.028846] PM: hibernation: Registered nosave memory: [mem 0x09c00000-0x09cd0fff]
[    0.028847] PM: hibernation: Registered nosave memory: [mem 0x09f00000-0x09f0afff]
[    0.028848] PM: hibernation: Registered nosave memory: [mem 0xb521d000-0xb52adfff]
[    0.028849] PM: hibernation: Registered nosave memory: [mem 0xb87b1000-0xb89b0fff]
[    0.028850] PM: hibernation: Registered nosave memory: [mem 0xb89b1000-0xbb77dfff]
[    0.028850] PM: hibernation: Registered nosave memory: [mem 0xbb77e000-0xbbb6cfff]
[    0.028851] PM: hibernation: Registered nosave memory: [mem 0xbbb6d000-0xbbb6dfff]
[    0.028851] PM: hibernation: Registered nosave memory: [mem 0xbbb6e000-0xbd77dfff]
[    0.028852] PM: hibernation: Registered nosave memory: [mem 0xbd77e000-0xbd7fdfff]
[    0.028853] PM: hibernation: Registered nosave memory: [mem 0xbf000000-0xbfffffff]
[    0.028854] PM: hibernation: Registered nosave memory: [mem 0xc0000000-0xfd1fffff]
[    0.028854] PM: hibernation: Registered nosave memory: [mem 0xfd200000-0xfd2fffff]
[    0.028855] PM: hibernation: Registered nosave memory: [mem 0xfd300000-0xfed7ffff]
[    0.028855] PM: hibernation: Registered nosave memory: [mem 0xfed80000-0xfed80fff]
[    0.028856] PM: hibernation: Registered nosave memory: [mem 0xfed81000-0xffffffff]
[    0.028857] [mem 0xc0000000-0xfd1fffff] available for PCI devices
[    0.028858] Booting paravirtualized kernel on bare hardware
[    0.028862] clocksource: refined-jiffies: mask: 0xffffffff max_cycles: 0xffffffff, max_idle_ns: 6370452778343963 ns
[    0.032446] setup_percpu: NR_CPUS:320 nr_cpumask_bits:320 nr_cpu_ids:16 nr_node_ids:1
[    0.033183] percpu: Embedded 57 pages/cpu s196608 r8192 d28672 u262144
[    0.033191] pcpu-alloc: s196608 r8192 d28672 u262144 alloc=1*2097152
[    0.033192] pcpu-alloc: [0] 00 01 02 03 04 05 06 07 [0] 08 09 10 11 12 13 14 15 
[    0.033216] Built 1 zonelists, mobility grouping on.  Total pages: 1906723
[    0.033216] Policy zone: Normal
[    0.033218] Kernel command line: BOOT_IMAGE=/vmlinuz-linux root=/dev/mapper/system-root rw cryptdevice=/dev/nvme0n1p2:system resume=/dev/mapper/system-swap loglevel=3 quiet
[    0.034351] Dentry cache hash table entries: 1048576 (order: 11, 8388608 bytes, linear)
[    0.034845] Inode-cache hash table entries: 524288 (order: 10, 4194304 bytes, linear)
[    0.034895] mem auto-init: stack:byref_all, heap alloc:on, heap free:off
[    0.061454] Memory: 7439896K/7748052K available (12291K kernel code, 1463K rwdata, 4500K rodata, 1620K init, 3220K bss, 308156K reserved, 0K cma-reserved)
[    0.061463] random: get_random_u64 called from __kmem_cache_create+0x3e/0x520 with crng_init=0
[    0.061729] SLUB: HWalign=64, Order=0-3, MinObjects=0, CPUs=16, Nodes=1
[    0.061769] ftrace: allocating 40148 entries in 157 pages
[    0.074656] ftrace: allocated 157 pages with 5 groups
[    0.074804] rcu: Preemptible hierarchical RCU implementation.
[    0.074805] rcu: 	RCU dyntick-idle grace-period acceleration is enabled.
[    0.074806] rcu: 	RCU restricting CPUs from NR_CPUS=320 to nr_cpu_ids=16.
[    0.074806] rcu: 	RCU priority boosting: priority 1 delay 500 ms.
[    0.074807] 	Tasks RCU enabled.
[    0.074808] rcu: RCU calculated value of scheduler-enlistment delay is 30 jiffies.
[    0.074808] rcu: Adjusting geometry for rcu_fanout_leaf=16, nr_cpu_ids=16
[    0.076849] NR_IRQS: 20736, nr_irqs: 1096, preallocated irqs: 16
[    0.078723] Console: colour dummy device 80x25
[    0.078726] printk: console [tty0] enabled
[    0.078741] ACPI: Core revision 20200110
[    0.078943] clocksource: hpet: mask: 0xffffffff max_cycles: 0xffffffff, max_idle_ns: 133484873504 ns
[    0.078967] APIC: Switch to symmetric I/O mode setup
[    0.079798] AMD-Vi: ivrs, add hid:PNPD0040, uid:, rdevid:152
[    0.252765] Switched APIC routing to physical flat.
[    0.253713] ..TIMER: vector=0x30 apic1=0 pin1=2 apic2=-1 pin2=-1
[    0.268965] clocksource: tsc-early: mask: 0xffffffffffffffff max_cycles: 0x1e37005745f, max_idle_ns: 440795263448 ns
[    0.268972] Calibrating delay loop (skipped), value calculated using timer frequency.. 4193.98 BogoMIPS (lpj=6987183)
[    0.268974] pid_max: default: 32768 minimum: 301
[    0.270779] LSM: Security Framework initializing
[    0.270784] Yama: becoming mindful.
[    0.270850] Mount-cache hash table entries: 16384 (order: 5, 131072 bytes, linear)
[    0.270871] Mountpoint-cache hash table entries: 16384 (order: 5, 131072 bytes, linear)
[    0.270897] *** VALIDATE tmpfs ***
[    0.271055] *** VALIDATE proc ***
[    0.271112] *** VALIDATE cgroup ***
[    0.271113] *** VALIDATE cgroup2 ***
[    0.271386] LVT offset 1 assigned for vector 0xf9
[    0.271433] LVT offset 2 assigned for vector 0xf4
[    0.271449] Last level iTLB entries: 4KB 1024, 2MB 1024, 4MB 512
[    0.271449] Last level dTLB entries: 4KB 1536, 2MB 1536, 4MB 768, 1GB 0
[    0.271453] Spectre V1 : Mitigation: usercopy/swapgs barriers and __user pointer sanitization
[    0.271454] Spectre V2 : Mitigation: Full AMD retpoline
[    0.271455] Spectre V2 : Spectre v2 / SpectreRSB mitigation: Filling RSB on context switch
[    0.271456] Spectre V2 : mitigation: Enabling conditional Indirect Branch Prediction Barrier
[    0.271456] Spectre V2 : User space: Vulnerable
[    0.271457] Speculative Store Bypass: Mitigation: Speculative Store Bypass disabled via prctl and seccomp
[    0.271732] Freeing SMP alternatives memory: 32K
[    0.382206] smpboot: CPU0: AMD Ryzen 5 PRO 3500U w/ Radeon Vega Mobile Gfx (family: 0x17, model: 0x18, stepping: 0x1)
[    0.398985] Performance Events: Fam17h+ core perfctr, AMD PMU driver.
[    0.398994] ... version:                0
[    0.398995] ... bit width:              48
[    0.398996] ... generic registers:      6
[    0.398998] ... value mask:             0000ffffffffffff
[    0.398999] ... max period:             00007fffffffffff
[    0.399000] ... fixed-purpose events:   0
[    0.399001] ... event mask:             000000000000003f
[    0.405638] rcu: Hierarchical SRCU implementation.
[    0.428978] NMI watchdog: Enabled. Permanently consumes one hw-PMU counter.
[    0.435646] smp: Bringing up secondary CPUs ...
[    0.475675] x86: Booting SMP configuration:
[    0.475677] .... node  #0, CPUs:        #1  #2  #3  #4  #5  #6  #7
[    0.718079] smp: Brought up 1 node, 8 CPUs
[    0.718079] smpboot: Max logical packages: 2
[    0.718079] smpboot: Total of 8 processors activated (33551.91 BogoMIPS)
[    0.719275] devtmpfs: initialized
[    0.719275] x86/mm: Memory block size: 128MB
[    0.719705] PM: Registering ACPI NVS region [mem 0x09f00000-0x09f0afff] (45056 bytes)
[    0.719705] PM: Registering ACPI NVS region [mem 0xbb77e000-0xbbb6cfff] (4124672 bytes)
[    0.719705] PM: Registering ACPI NVS region [mem 0xbbb6e000-0xbd77dfff] (29425664 bytes)
[    0.719705] clocksource: jiffies: mask: 0xffffffff max_cycles: 0xffffffff, max_idle_ns: 6370867519511994 ns
[    0.719705] futex hash table entries: 4096 (order: 6, 262144 bytes, linear)
[    0.719705] pinctrl core: initialized pinctrl subsystem
[    0.719777] PM: RTC time: 17:15:49, date: 2020-04-17
[    0.719782] thermal_sys: Registered thermal governor 'fair_share'
[    0.719783] thermal_sys: Registered thermal governor 'bang_bang'
[    0.719783] thermal_sys: Registered thermal governor 'step_wise'
[    0.719784] thermal_sys: Registered thermal governor 'user_space'
[    0.719785] thermal_sys: Registered thermal governor 'power_allocator'
[    0.722348] NET: Registered protocol family 16
[    0.722421] audit: initializing netlink subsys (disabled)
[    0.722429] audit: type=2000 audit(1587143749.473:1): state=initialized audit_enabled=0 res=1
[    0.722435] cpuidle: using governor ladder
[    0.722440] cpuidle: using governor menu
[    0.722470] ACPI FADT declares the system doesn't support PCIe ASPM, so disable it
[    0.722470] ACPI: bus type PCI registered
[    0.722470] acpiphp: ACPI Hot Plug PCI Controller Driver version: 0.5
[    0.722499] PCI: MMCONFIG for domain 0000 [bus 00-3f] at [mem 0xf8000000-0xfbffffff] (base 0xf8000000)
[    0.722514] PCI: not using MMCONFIG
[    0.722515] PCI: Using configuration type 1 for base access
[    0.722516] PCI: Using configuration type 1 for extended access
[    0.724050] HugeTLB registered 1.00 GiB page size, pre-allocated 0 pages
[    0.724050] HugeTLB registered 2.00 MiB page size, pre-allocated 0 pages
[    0.732458] ACPI: Added _OSI(Module Device)
[    0.732460] ACPI: Added _OSI(Processor Device)
[    0.732460] ACPI: Added _OSI(3.0 _SCP Extensions)
[    0.732461] ACPI: Added _OSI(Processor Aggregator Device)
[    0.732462] ACPI: Added _OSI(Linux-Dell-Video)
[    0.732462] ACPI: Added _OSI(Linux-Lenovo-NV-HDMI-Audio)
[    0.732463] ACPI: Added _OSI(Linux-HPI-Hybrid-Graphics)
[    0.749150] ACPI: 9 ACPI AML tables successfully acquired and loaded
[    0.750564] ACPI: [Firmware Bug]: BIOS _OSI(Linux) query ignored
[    0.762153] ACPI: EC: EC started
[    0.762154] ACPI: EC: interrupt blocked
[    0.762326] ACPI: \_SB_.PCI0.LPC0.EC0_: Used as first EC
[    0.762327] ACPI: \_SB_.PCI0.LPC0.EC0_: GPE=0x3, IRQ=-1, EC_CMD/EC_SC=0x66, EC_DATA=0x62
[    0.762328] ACPI: \_SB_.PCI0.LPC0.EC0_: Boot DSDT EC used to handle transactions
[    0.762328] ACPI: Interpreter enabled
[    0.762345] ACPI: (supports S0 S3 S4 S5)
[    0.762346] ACPI: Using IOAPIC for interrupt routing
[    0.762861] PCI: MMCONFIG for domain 0000 [bus 00-3f] at [mem 0xf8000000-0xfbffffff] (base 0xf8000000)
[    0.763135] PCI: MMCONFIG at [mem 0xf8000000-0xfbffffff] reserved in ACPI motherboard resources
[    0.763142] PCI: Using host bridge windows from ACPI; if necessary, use "pci=nocrs" and report a bug
[    0.763364] ACPI: Enabled 2 GPEs in block 00 to 1F
[    0.764423] ACPI: Power Resource [WRST] (on)
[    0.764920] ACPI: Power Resource [PUBS] (on)
[    0.799333] ACPI: PCI Root Bridge [PCI0] (domain 0000 [bus 00-ff])
[    0.799339] acpi PNP0A08:00: _OSC: OS supports [ExtendedConfig ASPM ClockPM Segments MSI HPX-Type3]
[    0.799532] acpi PNP0A08:00: _OSC: platform does not support [SHPCHotplug LTR]
[    0.799713] acpi PNP0A08:00: _OSC: OS now controls [PCIeHotplug PME AER PCIeCapability]
[    0.799714] acpi PNP0A08:00: FADT indicates ASPM is unsupported, using BIOS configuration
[    0.799729] acpi PNP0A08:00: [Firmware Info]: MMCONFIG for domain 0000 [bus 00-3f] only partially covers this bridge
[    0.800560] PCI host bridge to bus 0000:00
[    0.800562] pci_bus 0000:00: root bus resource [mem 0x000a0000-0x000bffff window]
[    0.800563] pci_bus 0000:00: root bus resource [mem 0xc0000000-0xf7ffffff window]
[    0.800565] pci_bus 0000:00: root bus resource [mem 0xfc000000-0xfdffffff window]
[    0.800566] pci_bus 0000:00: root bus resource [io  0x0000-0x0cf7 window]
[    0.800567] pci_bus 0000:00: root bus resource [io  0x0d00-0xffff window]
[    0.800568] pci_bus 0000:00: root bus resource [bus 00-ff]
[    0.800578] pci 0000:00:00.0: [1022:15d0] type 00 class 0x060000
[    0.800684] pci 0000:00:00.2: [1022:15d1] type 00 class 0x080600
[    0.800808] pci 0000:00:01.0: [1022:1452] type 00 class 0x060000
[    0.800900] pci 0000:00:01.2: [1022:15d3] type 01 class 0x060400
[    0.800941] pci 0000:00:01.2: enabling Extended Tags
[    0.801014] pci 0000:00:01.2: PME# supported from D0 D3hot D3cold
[    0.801127] pci 0000:00:01.3: [1022:15d3] type 01 class 0x060400
[    0.801167] pci 0000:00:01.3: enabling Extended Tags
[    0.801218] pci 0000:00:01.3: PME# supported from D0 D3hot D3cold
[    0.801335] pci 0000:00:01.4: [1022:15d3] type 01 class 0x060400
[    0.801376] pci 0000:00:01.4: enabling Extended Tags
[    0.801426] pci 0000:00:01.4: PME# supported from D0 D3hot D3cold
[    0.801565] pci 0000:00:08.0: [1022:1452] type 00 class 0x060000
[    0.801657] pci 0000:00:08.1: [1022:15db] type 01 class 0x060400
[    0.801697] pci 0000:00:08.1: enabling Extended Tags
[    0.801742] pci 0000:00:08.1: PME# supported from D0 D3hot D3cold
[    0.801867] pci 0000:00:14.0: [1022:790b] type 00 class 0x0c0500
[    0.802001] pci 0000:00:14.3: [1022:790e] type 00 class 0x060100
[    0.802162] pci 0000:00:18.0: [1022:15e8] type 00 class 0x060000
[    0.802217] pci 0000:00:18.1: [1022:15e9] type 00 class 0x060000
[    0.802271] pci 0000:00:18.2: [1022:15ea] type 00 class 0x060000
[    0.802337] pci 0000:00:18.3: [1022:15eb] type 00 class 0x060000
[    0.802411] pci 0000:00:18.4: [1022:15ec] type 00 class 0x060000
[    0.802462] pci 0000:00:18.5: [1022:15ed] type 00 class 0x060000
[    0.802514] pci 0000:00:18.6: [1022:15ee] type 00 class 0x060000
[    0.802565] pci 0000:00:18.7: [1022:15ef] type 00 class 0x060000
[    0.802817] pci 0000:01:00.0: [8086:2526] type 00 class 0x028000
[    0.802882] pci 0000:01:00.0: reg 0x10: [mem 0x00000000-0x00003fff 64bit]
[    0.803092] pci 0000:01:00.0: PME# supported from D0 D3hot D3cold
[    0.803425] pci 0000:00:01.2: PCI bridge to [bus 01]
[    0.803431] pci 0000:00:01.2:   bridge window [mem 0xd0800000-0xd08fffff]
[    0.803482] pci 0000:02:00.0: [8086:f1a6] type 00 class 0x010802
[    0.803513] pci 0000:02:00.0: reg 0x10: [mem 0xd0700000-0xd0703fff 64bit]
[    0.803761] pci 0000:00:01.3: PCI bridge to [bus 02]
[    0.803767] pci 0000:00:01.3:   bridge window [mem 0xd0700000-0xd07fffff]
[    0.803819] pci 0000:03:00.0: [10ec:8168] type 00 class 0x020000
[    0.803848] pci 0000:03:00.0: reg 0x10: [io  0x2400-0x24ff]
[    0.803873] pci 0000:03:00.0: reg 0x18: [mem 0xd0614000-0xd0614fff 64bit]
[    0.803889] pci 0000:03:00.0: reg 0x20: [mem 0xd0600000-0xd0603fff 64bit]
[    0.803990] pci 0000:03:00.0: supports D1 D2
[    0.803991] pci 0000:03:00.0: PME# supported from D0 D1 D2 D3hot D3cold
[    0.804121] pci 0000:03:00.1: [10ec:816a] type 00 class 0x070002
[    0.804146] pci 0000:03:00.1: reg 0x10: [io  0x2200-0x22ff]
[    0.804165] pci 0000:03:00.1: reg 0x18: [mem 0xd0615000-0xd0615fff 64bit]
[    0.804178] pci 0000:03:00.1: reg 0x20: [mem 0xd0604000-0xd0607fff 64bit]
[    0.804269] pci 0000:03:00.1: supports D1 D2
[    0.804269] pci 0000:03:00.1: PME# supported from D0 D1 D2 D3hot D3cold
[    0.804365] pci 0000:03:00.2: [10ec:816b] type 00 class 0x070002
[    0.804390] pci 0000:03:00.2: reg 0x10: [io  0x2100-0x21ff]
[    0.804410] pci 0000:03:00.2: reg 0x18: [mem 0xd0616000-0xd0616fff 64bit]
[    0.804422] pci 0000:03:00.2: reg 0x20: [mem 0xd0608000-0xd060bfff 64bit]
[    0.804512] pci 0000:03:00.2: supports D1 D2
[    0.804513] pci 0000:03:00.2: PME# supported from D0 D1 D2 D3hot D3cold
[    0.804608] pci 0000:03:00.3: [10ec:816c] type 00 class 0x0c0701
[    0.804633] pci 0000:03:00.3: reg 0x10: [io  0x2000-0x20ff]
[    0.804653] pci 0000:03:00.3: reg 0x18: [mem 0xd0617000-0xd0617fff 64bit]
[    0.804665] pci 0000:03:00.3: reg 0x20: [mem 0xd060c000-0xd060ffff 64bit]
[    0.804756] pci 0000:03:00.3: supports D1 D2
[    0.804757] pci 0000:03:00.3: PME# supported from D0 D1 D2 D3hot D3cold
[    0.804852] pci 0000:03:00.4: [10ec:816d] type 00 class 0x0c0320
[    0.804879] pci 0000:03:00.4: reg 0x10: [mem 0xd0618000-0xd0618fff]
[    0.804904] pci 0000:03:00.4: reg 0x18: [mem 0xd0610000-0xd0613fff 64bit]
[    0.805016] pci 0000:03:00.4: PME# supported from D0 D3cold
[    0.805173] pci 0000:00:01.4: PCI bridge to [bus 03]
[    0.805177] pci 0000:00:01.4:   bridge window [io  0x2000-0x2fff]
[    0.805179] pci 0000:00:01.4:   bridge window [mem 0xd0600000-0xd06fffff]
[    0.805273] pci 0000:04:00.0: [1002:15d8] type 00 class 0x030000
[    0.805300] pci 0000:04:00.0: reg 0x10: [mem 0xc0000000-0xcfffffff 64bit pref]
[    0.805311] pci 0000:04:00.0: reg 0x18: [mem 0xd0000000-0xd01fffff 64bit pref]
[    0.805319] pci 0000:04:00.0: reg 0x20: [io  0x1000-0x10ff]
[    0.805326] pci 0000:04:00.0: reg 0x24: [mem 0xd0500000-0xd057ffff]
[    0.805339] pci 0000:04:00.0: enabling Extended Tags
[    0.805350] pci 0000:04:00.0: BAR 0: assigned to efifb
[    0.805412] pci 0000:04:00.0: PME# supported from D1 D2 D3hot D3cold
[    0.805523] pci 0000:04:00.1: [1002:15de] type 00 class 0x040300
[    0.805540] pci 0000:04:00.1: reg 0x10: [mem 0xd05c8000-0xd05cbfff]
[    0.805573] pci 0000:04:00.1: enabling Extended Tags
[    0.805619] pci 0000:04:00.1: PME# supported from D1 D2 D3hot D3cold
[    0.805680] pci 0000:04:00.2: [1022:15df] type 00 class 0x108000
[    0.805705] pci 0000:04:00.2: reg 0x18: [mem 0xd0400000-0xd04fffff]
[    0.805719] pci 0000:04:00.2: reg 0x24: [mem 0xd05cc000-0xd05cdfff]
[    0.805729] pci 0000:04:00.2: enabling Extended Tags
[    0.805842] pci 0000:04:00.3: [1022:15e0] type 00 class 0x0c0330
[    0.805863] pci 0000:04:00.3: reg 0x10: [mem 0xd0200000-0xd02fffff 64bit]
[    0.805900] pci 0000:04:00.3: enabling Extended Tags
[    0.805948] pci 0000:04:00.3: PME# supported from D0 D3hot D3cold
[    0.806030] pci 0000:04:00.4: [1022:15e1] type 00 class 0x0c0330
[    0.806051] pci 0000:04:00.4: reg 0x10: [mem 0xd0300000-0xd03fffff 64bit]
[    0.806087] pci 0000:04:00.4: enabling Extended Tags
[    0.806135] pci 0000:04:00.4: PME# supported from D0 D3hot D3cold
[    0.806207] pci 0000:04:00.5: [1022:15e2] type 00 class 0x048000
[    0.806223] pci 0000:04:00.5: reg 0x10: [mem 0xd0580000-0xd05bffff]
[    0.806256] pci 0000:04:00.5: enabling Extended Tags
[    0.806300] pci 0000:04:00.5: PME# supported from D0 D3hot D3cold
[    0.806367] pci 0000:04:00.6: [1022:15e3] type 00 class 0x040300
[    0.806383] pci 0000:04:00.6: reg 0x10: [mem 0xd05c0000-0xd05c7fff]
[    0.806415] pci 0000:04:00.6: enabling Extended Tags
[    0.806459] pci 0000:04:00.6: PME# supported from D0 D3hot D3cold
[    0.806572] pci 0000:00:08.1: PCI bridge to [bus 04]
[    0.806576] pci 0000:00:08.1:   bridge window [io  0x1000-0x1fff]
[    0.806578] pci 0000:00:08.1:   bridge window [mem 0xd0200000-0xd05fffff]
[    0.806582] pci 0000:00:08.1:   bridge window [mem 0xc0000000-0xd01fffff 64bit pref]
[    0.806784] ACPI: PCI Interrupt Link [LNKA] (IRQs 3 4 5 7 10 11 12 14 15) *0
[    0.806853] ACPI: PCI Interrupt Link [LNKB] (IRQs 3 4 5 7 10 11 12 14 15) *0
[    0.806902] ACPI: PCI Interrupt Link [LNKC] (IRQs 3 4 5 7 10 11 12 14 15) *0
[    0.806968] ACPI: PCI Interrupt Link [LNKD] (IRQs 3 4 5 7 10 11 12 14 15) *0
[    0.807028] ACPI: PCI Interrupt Link [LNKE] (IRQs 3 4 5 7 10 11 12 14 15) *0
[    0.807073] ACPI: PCI Interrupt Link [LNKF] (IRQs 3 4 5 7 10 11 12 14 15) *0
[    0.807118] ACPI: PCI Interrupt Link [LNKG] (IRQs 3 4 5 7 10 11 12 14 15) *0
[    0.807163] ACPI: PCI Interrupt Link [LNKH] (IRQs 3 4 5 7 10 11 12 14 15) *0
[    0.808144] ACPI: EC: interrupt unblocked
[    0.808159] ACPI: EC: event unblocked
[    0.808166] ACPI: \_SB_.PCI0.LPC0.EC0_: GPE=0x3, IRQ=-1, EC_CMD/EC_SC=0x66, EC_DATA=0x62
[    0.808167] ACPI: \_SB_.PCI0.LPC0.EC0_: Boot DSDT EC used to handle transactions and events
[    0.808227] iommu: Default domain type: Translated 
[    0.808238] pci 0000:04:00.0: vgaarb: VGA device added: decodes=io+mem,owns=none,locks=none
[    0.808238] pci 0000:04:00.0: vgaarb: bridge control possible
[    0.808238] pci 0000:04:00.0: vgaarb: setting as boot device
[    0.808238] vgaarb: loaded
[    0.808238] SCSI subsystem initialized
[    0.808238] libata version 3.00 loaded.
[    0.808238] ACPI: bus type USB registered
[    0.808238] usbcore: registered new interface driver usbfs
[    0.808238] usbcore: registered new interface driver hub
[    0.808238] usbcore: registered new device driver usb
[    0.808238] pps_core: LinuxPPS API ver. 1 registered
[    0.808238] pps_core: Software ver. 5.3.6 - Copyright 2005-2007 Rodolfo Giometti <giometti@linux.it>
[    0.808238] PTP clock support registered
[    0.808238] EDAC MC: Ver: 3.0.0
[    0.808238] Registered efivars operations
[    0.808238] PCI: Using ACPI for IRQ routing
[    0.808974] PCI: pci_cache_line_size set to 64 bytes
[    0.809172] e820: reserve RAM buffer [mem 0x0009f000-0x0009ffff]
[    0.809173] e820: reserve RAM buffer [mem 0x09c00000-0x0bffffff]
[    0.809174] e820: reserve RAM buffer [mem 0x09f00000-0x0bffffff]
[    0.809175] e820: reserve RAM buffer [mem 0xb521d000-0xb7ffffff]
[    0.809176] e820: reserve RAM buffer [mem 0xb87b1000-0xbbffffff]
[    0.809177] e820: reserve RAM buffer [mem 0xbf000000-0xbfffffff]
[    0.809177] e820: reserve RAM buffer [mem 0x21f000000-0x21fffffff]
[    0.809301] NetLabel: Initializing
[    0.809302] NetLabel:  domain hash size = 128
[    0.809302] NetLabel:  protocols = UNLABELED CIPSOv4 CALIPSO
[    0.809315] NetLabel:  unlabeled traffic allowed by default
[    0.809319] hpet0: at MMIO 0xfed00000, IRQs 2, 8, 0
[    0.809319] hpet0: 3 comparators, 32-bit 14.318180 MHz counter
[    0.812302] clocksource: Switched to clocksource tsc-early
[    0.824405] *** VALIDATE bpf ***
[    0.824520] VFS: Disk quotas dquot_6.6.0
[    0.824536] VFS: Dquot-cache hash table entries: 512 (order 0, 4096 bytes)
[    0.824562] *** VALIDATE ramfs ***
[    0.824564] *** VALIDATE hugetlbfs ***
[    0.824614] pnp: PnP ACPI init
[    0.824799] system 00:00: [io  0x0f50-0x0f51] has been reserved
[    0.824800] system 00:00: [mem 0xfec00000-0xfec01fff] could not be reserved
[    0.824802] system 00:00: [mem 0xfee00000-0xfee00fff] has been reserved
[    0.824803] system 00:00: [mem 0xf8000000-0xfbffffff] has been reserved
[    0.824807] system 00:00: Plug and Play ACPI device, IDs PNP0c02 (active)
[    0.825052] pnp 00:01: Plug and Play ACPI device, IDs PNP0b00 (active)
[    0.825110] system 00:02: [io  0x04d0-0x04d1] has been reserved
[    0.825112] system 00:02: [io  0x0530-0x0537] has been reserved
[    0.825113] system 00:02: [io  0x0400-0x0427] has been reserved
[    0.825113] system 00:02: [io  0x0430] has been reserved
[    0.825114] system 00:02: [io  0x0440-0x0447] has been reserved
[    0.825115] system 00:02: [io  0x0b00-0x0b1f] has been reserved
[    0.825116] system 00:02: [io  0x0b20-0x0b3f] has been reserved
[    0.825117] system 00:02: [io  0x0c00-0x0c01] has been reserved
[    0.825118] system 00:02: [io  0x0c14] has been reserved
[    0.825119] system 00:02: [io  0x0c50-0x0c52] has been reserved
[    0.825120] system 00:02: [io  0x0cd0-0x0cd1] has been reserved
[    0.825120] system 00:02: [io  0x0cd2-0x0cd3] has been reserved
[    0.825121] system 00:02: [io  0x0cd4-0x0cd5] has been reserved
[    0.825122] system 00:02: [io  0x0cd6-0x0cd7] has been reserved
[    0.825123] system 00:02: [io  0x0cd8-0x0cdf] has been reserved
[    0.825124] system 00:02: [io  0x0cf9] could not be reserved
[    0.825125] system 00:02: [io  0x8100-0x81ff window] has been reserved
[    0.825126] system 00:02: [io  0x8200-0x82ff window] has been reserved
[    0.825129] system 00:02: Plug and Play ACPI device, IDs PNP0c02 (active)
[    0.825205] system 00:03: [mem 0x000e0000-0x000fffff] could not be reserved
[    0.825206] system 00:03: [mem 0xff000000-0xffffffff] has been reserved
[    0.825207] system 00:03: [mem 0xfec10000-0xfec1001f] has been reserved
[    0.825208] system 00:03: [mem 0xfed00000-0xfed003ff] has been reserved
[    0.825209] system 00:03: [mem 0xfed61000-0xfed613ff] has been reserved
[    0.825210] system 00:03: [mem 0xfed80000-0xfed80fff] has been reserved
[    0.825213] system 00:03: Plug and Play ACPI device, IDs PNP0c01 (active)
[    0.825234] pnp 00:04: Plug and Play ACPI device, IDs LEN0071 PNP0303 (active)
[    0.825248] pnp 00:05: Plug and Play ACPI device, IDs LEN213c PNP0f13 (active)
[    0.825810] pnp: PnP ACPI: found 6 devices
[    0.832210] clocksource: acpi_pm: mask: 0xffffff max_cycles: 0xffffff, max_idle_ns: 2085701024 ns
[    0.832238] pci 0000:00:01.2: bridge window [io  0x1000-0x0fff] to [bus 01] add_size 1000
[    0.832242] pci 0000:00:01.2: bridge window [mem 0x00100000-0x000fffff 64bit pref] to [bus 01] add_size 200000 add_align 100000
[    0.832249] pci 0000:00:01.2: BAR 15: assigned [mem 0xd0900000-0xd0afffff 64bit pref]
[    0.832251] pci 0000:00:01.2: BAR 13: assigned [io  0x3000-0x3fff]
[    0.832254] pci 0000:01:00.0: BAR 0: assigned [mem 0xd0800000-0xd0803fff 64bit]
[    0.832301] pci 0000:00:01.2: PCI bridge to [bus 01]
[    0.832302] pci 0000:00:01.2:   bridge window [io  0x3000-0x3fff]
[    0.832306] pci 0000:00:01.2:   bridge window [mem 0xd0800000-0xd08fffff]
[    0.832308] pci 0000:00:01.2:   bridge window [mem 0xd0900000-0xd0afffff 64bit pref]
[    0.832312] pci 0000:00:01.3: PCI bridge to [bus 02]
[    0.832315] pci 0000:00:01.3:   bridge window [mem 0xd0700000-0xd07fffff]
[    0.832322] pci 0000:00:01.4: PCI bridge to [bus 03]
[    0.832323] pci 0000:00:01.4:   bridge window [io  0x2000-0x2fff]
[    0.832326] pci 0000:00:01.4:   bridge window [mem 0xd0600000-0xd06fffff]
[    0.832332] pci 0000:00:08.1: PCI bridge to [bus 04]
[    0.832338] pci 0000:00:08.1:   bridge window [io  0x1000-0x1fff]
[    0.832341] pci 0000:00:08.1:   bridge window [mem 0xd0200000-0xd05fffff]
[    0.832344] pci 0000:00:08.1:   bridge window [mem 0xc0000000-0xd01fffff 64bit pref]
[    0.832348] pci_bus 0000:00: resource 4 [mem 0x000a0000-0x000bffff window]
[    0.832349] pci_bus 0000:00: resource 5 [mem 0xc0000000-0xf7ffffff window]
[    0.832350] pci_bus 0000:00: resource 6 [mem 0xfc000000-0xfdffffff window]
[    0.832351] pci_bus 0000:00: resource 7 [io  0x0000-0x0cf7 window]
[    0.832352] pci_bus 0000:00: resource 8 [io  0x0d00-0xffff window]
[    0.832353] pci_bus 0000:01: resource 0 [io  0x3000-0x3fff]
[    0.832353] pci_bus 0000:01: resource 1 [mem 0xd0800000-0xd08fffff]
[    0.832354] pci_bus 0000:01: resource 2 [mem 0xd0900000-0xd0afffff 64bit pref]
[    0.832355] pci_bus 0000:02: resource 1 [mem 0xd0700000-0xd07fffff]
[    0.832356] pci_bus 0000:03: resource 0 [io  0x2000-0x2fff]
[    0.832357] pci_bus 0000:03: resource 1 [mem 0xd0600000-0xd06fffff]
[    0.832358] pci_bus 0000:04: resource 0 [io  0x1000-0x1fff]
[    0.832359] pci_bus 0000:04: resource 1 [mem 0xd0200000-0xd05fffff]
[    0.832360] pci_bus 0000:04: resource 2 [mem 0xc0000000-0xd01fffff 64bit pref]
[    0.832464] NET: Registered protocol family 2
[    0.832593] tcp_listen_portaddr_hash hash table entries: 4096 (order: 4, 65536 bytes, linear)
[    0.832653] TCP established hash table entries: 65536 (order: 7, 524288 bytes, linear)
[    0.832831] TCP bind hash table entries: 65536 (order: 8, 1048576 bytes, linear)
[    0.832913] TCP: Hash tables configured (established 65536 bind 65536)
[    0.832975] UDP hash table entries: 4096 (order: 5, 131072 bytes, linear)
[    0.833000] UDP-Lite hash table entries: 4096 (order: 5, 131072 bytes, linear)
[    0.833118] NET: Registered protocol family 1
[    0.833123] NET: Registered protocol family 44
[    0.833503] pci 0000:04:00.1: D0 power state depends on 0000:04:00.0
[    0.833543] pci 0000:04:00.3: extending delay after power-on from D3hot to 20 msec
[    0.833731] pci 0000:04:00.4: extending delay after power-on from D3hot to 20 msec
[    0.833855] PCI: CLS 32 bytes, default 64
[    0.833892] Trying to unpack rootfs image as initramfs...
[    1.081079] Freeing initrd memory: 21392K
[    1.081112] pci 0000:00:00.2: AMD-Vi: Unable to read/write to IOMMU perf counter.
[    1.081245] pci 0000:00:00.2: can't derive routing for PCI INT A
[    1.081247] pci 0000:00:00.2: PCI INT A: not connected
[    1.081309] pci 0000:00:01.0: Adding to iommu group 0
[    1.081524] pci 0000:00:01.2: Adding to iommu group 1
[    1.081657] pci 0000:00:01.3: Adding to iommu group 2
[    1.081824] pci 0000:00:01.4: Adding to iommu group 3
[    1.081944] pci 0000:00:08.0: Adding to iommu group 4
[    1.082104] pci 0000:00:08.1: Adding to iommu group 5
[    1.082227] pci 0000:00:14.0: Adding to iommu group 6
[    1.082383] pci 0000:00:14.3: Adding to iommu group 6
[    1.082427] pci 0000:00:18.0: Adding to iommu group 7
[    1.082574] pci 0000:00:18.1: Adding to iommu group 7
[    1.082591] pci 0000:00:18.2: Adding to iommu group 7
[    1.082607] pci 0000:00:18.3: Adding to iommu group 7
[    1.082624] pci 0000:00:18.4: Adding to iommu group 7
[    1.082642] pci 0000:00:18.5: Adding to iommu group 7
[    1.082667] pci 0000:00:18.6: Adding to iommu group 7
[    1.082684] pci 0000:00:18.7: Adding to iommu group 7
[    1.082753] pci 0000:01:00.0: Adding to iommu group 8
[    1.083073] pci 0000:02:00.0: Adding to iommu group 9
[    1.083297] pci 0000:03:00.0: Adding to iommu group 10
[    1.083436] pci 0000:03:00.1: Adding to iommu group 10
[    1.083478] pci 0000:03:00.2: Adding to iommu group 10
[    1.083520] pci 0000:03:00.3: Adding to iommu group 10
[    1.083560] pci 0000:03:00.4: Adding to iommu group 10
[    1.083687] pci 0000:04:00.0: Adding to iommu group 11
[    1.083827] pci 0000:04:00.0: Using iommu direct mapping
[    1.083897] pci 0000:04:00.1: Adding to iommu group 12
[    1.084056] pci 0000:04:00.2: Adding to iommu group 12
[    1.084085] pci 0000:04:00.3: Adding to iommu group 12
[    1.084115] pci 0000:04:00.4: Adding to iommu group 12
[    1.084145] pci 0000:04:00.5: Adding to iommu group 12
[    1.084174] pci 0000:04:00.6: Adding to iommu group 12
[    1.084508] pci 0000:00:00.2: AMD-Vi: Found IOMMU cap 0x40
[    1.084510] pci 0000:00:00.2: AMD-Vi: Extended features (0x4f77ef22294ada):
[    1.084510]  PPR NX GT IA GA PC GA_vAPIC
[    1.084513] AMD-Vi: Interrupt remapping enabled
[    1.084513] AMD-Vi: Virtual APIC enabled
[    1.084712] AMD-Vi: Lazy IO/TLB flushing enabled
[    1.085632] amd_uncore: AMD NB counters detected
[    1.085635] amd_uncore: AMD LLC counters detected
[    1.085938] check: Scanning for low memory corruption every 60 seconds
[    1.086339] Initialise system trusted keyrings
[    1.086389] Key type blacklist registered
[    1.086503] workingset: timestamp_bits=41 max_order=21 bucket_order=0
[    1.087486] zbud: loaded
[    1.091814] Key type asymmetric registered
[    1.091815] Asymmetric key parser 'x509' registered
[    1.091826] Block layer SCSI generic (bsg) driver version 0.4 loaded (major 245)
[    1.091935] io scheduler mq-deadline registered
[    1.091936] io scheduler kyber registered
[    1.091959] io scheduler bfq registered
[    1.092303] pcieport 0000:00:01.2: PME: Signaling with IRQ 26
[    1.092383] pcieport 0000:00:01.2: AER: enabled with IRQ 26
[    1.092402] pcieport 0000:00:01.2: pciehp: Slot #0 AttnBtn- PwrCtrl- MRL- AttnInd- PwrInd- HotPlug+ Surprise- Interlock- NoCompl+ LLActRep+
[    1.092593] pcieport 0000:00:01.3: PME: Signaling with IRQ 27
[    1.092677] pcieport 0000:00:01.3: AER: enabled with IRQ 27
[    1.092807] pcieport 0000:00:01.4: PME: Signaling with IRQ 28
[    1.092872] pcieport 0000:00:01.4: AER: enabled with IRQ 28
[    1.092994] pcieport 0000:00:08.1: PME: Signaling with IRQ 29
[    1.093080] shpchp: Standard Hot Plug PCI Controller Driver version: 0.4
[    1.093143] efifb: probing for efifb
[    1.093183] efifb: showing boot graphics
[    1.095437] efifb: framebuffer at 0xc0000000, using 8128k, total 8128k
[    1.095438] efifb: mode is 1920x1080x32, linelength=7680, pages=1
[    1.095438] efifb: scrolling: redraw
[    1.095439] efifb: Truecolor: size=8:8:8:8, shift=24:16:8:0
[    1.095497] fbcon: Deferring console take-over
[    1.095498] fb0: EFI VGA frame buffer device
[    1.095543] input: Power Button as /devices/LNXSYSTM:00/LNXSYBUS:00/PNP0C0C:00/input/input0
[    1.095563] ACPI: Power Button [PWRB]
[    1.095604] input: Lid Switch as /devices/LNXSYSTM:00/LNXSYBUS:00/PNP0C0D:00/input/input1
[    1.095628] ACPI: Lid Switch [LID]
[    1.095661] input: Sleep Button as /devices/LNXSYSTM:00/LNXSYBUS:00/PNP0C0E:00/input/input2
[    1.095677] ACPI: Sleep Button [SLPB]
[    1.095703] input: Power Button as /devices/LNXSYSTM:00/LNXPWRBN:00/input/input3
[    1.095717] ACPI: Power Button [PWRF]
[    1.095801] ACPI: Video Device [VGA] (multi-head: yes  rom: no  post: no)
[    1.096599] acpi device:0c: registered as cooling_device0
[    1.096627] input: Video Bus as /devices/LNXSYSTM:00/LNXSYBUS:00/PNP0A08:00/device:0b/LNXVIDEO:00/input/input4
[    1.096681] Monitor-Mwait will be used to enter C-1 state
[    1.096691] ACPI: \_PR_.C000: Found 2 idle states
[    1.096780] ACPI: \_PR_.C001: Found 2 idle states
[    1.096830] ACPI: \_PR_.C002: Found 2 idle states
[    1.096932] ACPI: \_PR_.C003: Found 2 idle states
[    1.097022] ACPI: \_PR_.C004: Found 2 idle states
[    1.103117] ACPI: \_PR_.C005: Found 2 idle states
[    1.103197] ACPI: \_PR_.C006: Found 2 idle states
[    1.103385] ACPI: \_PR_.C007: Found 2 idle states
[    1.103691] Serial: 8250/16550 driver, 4 ports, IRQ sharing enabled
[    1.104140] serial 0000:03:00.1: enabling device (0000 -> 0003)
[    1.104324] serial 0000:03:00.2: enabling device (0000 -> 0003)
[    1.104570] AMD-Vi: AMD IOMMUv2 driver by Joerg Roedel <jroedel@suse.de>
[    1.105495] nvme nvme0: pci function 0000:02:00.0
[    1.105556] usbcore: registered new interface driver usbserial_generic
[    1.105559] usbserial: USB Serial support registered for generic
[    1.105580] rtc_cmos 00:01: RTC can wake from S4
[    1.105884] rtc_cmos 00:01: registered as rtc0
[    1.105898] rtc_cmos 00:01: alarms up to one month, y3k, 114 bytes nvram, hpet irqs
[    1.106051] ledtrig-cpu: registered to indicate activity on CPUs
[    1.106134] drop_monitor: Initializing network drop monitor service
[    1.106310] NET: Registered protocol family 10
[    1.111900] Segment Routing with IPv6
[    1.111924] NET: Registered protocol family 17
[    1.112579] RAS: Correctable Errors collector initialized.
[    1.112639] microcode: CPU0: patch_level=0x08108102
[    1.112647] microcode: CPU1: patch_level=0x08108102
[    1.112650] microcode: CPU2: patch_level=0x08108102
[    1.112656] microcode: CPU3: patch_level=0x08108102
[    1.112663] microcode: CPU4: patch_level=0x08108102
[    1.112666] microcode: CPU5: patch_level=0x08108102
[    1.112685] microcode: CPU6: patch_level=0x08108102
[    1.112692] microcode: CPU7: patch_level=0x08108102
[    1.112745] microcode: Microcode Update Driver: v2.2.
[    1.112750] IPI shorthand broadcast: enabled
[    1.112775] sched_clock: Marking stable (940824538, 171917153)->(1117666314, -4924623)
[    1.112897] registered taskstats version 1
[    1.112905] Loading compiled-in X.509 certificates
[    1.115540] Loaded X.509 cert 'Build time autogenerated kernel key: 8465142fb09b117d652403829259991dc87823b4'
[    1.115575] zswap: loaded using pool lzo/zbud
[    1.115743] Key type ._fscrypt registered
[    1.115743] Key type .fscrypt registered
[    1.115744] Key type fscrypt-provisioning registered
[    1.120823] Key type big_key registered
[    1.121353] PM:   Magic number: 0:787:289
[    1.121383] tty tty22: hash matches
[    1.121484] rtc_cmos 00:01: setting system clock to 2020-04-17T17:15:50 UTC (1587143750)
[    1.322473] nvme nvme0: 15/0/0 default/read/poll queues
[    1.324785]  nvme0n1: p1 p2
[    1.327173] Freeing unused decrypted memory: 2040K
[    1.327530] Freeing unused kernel image (initmem) memory: 1620K
[    1.342433] Write protecting the kernel read-only data: 20480k
[    1.343601] Freeing unused kernel image (text/rodata gap) memory: 2044K
[    1.344080] Freeing unused kernel image (rodata/data gap) memory: 1644K
[    1.367062] x86/mm: Checked W+X mappings: passed, no W+X pages found.
[    1.367065] Run /init as init process
[    1.367067]   with arguments:
[    1.367068]     /init
[    1.367068]   with environment:
[    1.367069]     HOME=/
[    1.367070]     TERM=linux
[    1.367070]     BOOT_IMAGE=/vmlinuz-linux
[    1.367070]     cryptdevice=/dev/nvme0n1p2:system
[    1.430149] fbcon: Taking over console
[    1.430220] Console: switching to colour frame buffer device 240x67
[    1.496255] i8042: PNP: PS/2 Controller [PNP0303:KBD,PNP0f13:MOU] at 0x60,0x64 irq 1,12
[    1.500919] serio: i8042 KBD port at 0x60,0x64 irq 1
[    1.500952] serio: i8042 AUX port at 0x60,0x64 irq 12
[    1.505146] ehci_hcd: USB 2.0 'Enhanced' Host Controller (EHCI) Driver
[    1.506171] ehci-pci: EHCI PCI platform driver
[    1.506436] ehci-pci 0000:03:00.4: EHCI Host Controller
[    1.506444] ehci-pci 0000:03:00.4: new USB bus registered, assigned bus number 1
[    1.506536] ehci-pci 0000:03:00.4: irq 47, io mem 0xd0618000
[    1.509754] ccp 0000:04:00.2: enabling device (0000 -> 0002)
[    1.510453] ccp 0000:04:00.2: ccp enabled
[    1.510467] ccp 0000:04:00.2: psp: unable to access the device: you might be running a broken BIOS.
[    1.518099] cryptd: max_cpu_qlen set to 1000
[    1.518991] ehci-pci 0000:03:00.4: USB 0.0 started, EHCI 1.00
[    1.519052] usb usb1: New USB device found, idVendor=1d6b, idProduct=0002, bcdDevice= 5.06
[    1.519054] usb usb1: New USB device strings: Mfr=3, Product=2, SerialNumber=1
[    1.519056] usb usb1: Product: EHCI Host Controller
[    1.519057] usb usb1: Manufacturer: Linux 5.6.4-arch1-1 ehci_hcd
[    1.519058] usb usb1: SerialNumber: 0000:03:00.4
[    1.519217] hub 1-0:1.0: USB hub found
[    1.519225] hub 1-0:1.0: 1 port detected
[    1.522566] AVX2 version of gcm_enc/dec engaged.
[    1.522567] AES CTR mode by8 optimization enabled
[    1.524543] xhci_hcd 0000:04:00.3: xHCI Host Controller
[    1.524556] xhci_hcd 0000:04:00.3: new USB bus registered, assigned bus number 2
[    1.524745] xhci_hcd 0000:04:00.3: hcc params 0x0270ffe5 hci version 0x110 quirks 0x0000000840000410
[    1.525594] usb usb2: New USB device found, idVendor=1d6b, idProduct=0002, bcdDevice= 5.06
[    1.525595] usb usb2: New USB device strings: Mfr=3, Product=2, SerialNumber=1
[    1.525597] usb usb2: Product: xHCI Host Controller
[    1.525598] usb usb2: Manufacturer: Linux 5.6.4-arch1-1 xhci-hcd
[    1.525599] usb usb2: SerialNumber: 0000:04:00.3
[    1.525767] hub 2-0:1.0: USB hub found
[    1.525781] hub 2-0:1.0: 4 ports detected
[    1.526054] xhci_hcd 0000:04:00.3: xHCI Host Controller
[    1.526057] xhci_hcd 0000:04:00.3: new USB bus registered, assigned bus number 3
[    1.526059] xhci_hcd 0000:04:00.3: Host supports USB 3.1 Enhanced SuperSpeed
[    1.526090] usb usb3: We don't know the algorithms for LPM for this host, disabling LPM.
[    1.526114] usb usb3: New USB device found, idVendor=1d6b, idProduct=0003, bcdDevice= 5.06
[    1.526115] usb usb3: New USB device strings: Mfr=3, Product=2, SerialNumber=1
[    1.526116] usb usb3: Product: xHCI Host Controller
[    1.526117] usb usb3: Manufacturer: Linux 5.6.4-arch1-1 xhci-hcd
[    1.526118] usb usb3: SerialNumber: 0000:04:00.3
[    1.526196] hub 3-0:1.0: USB hub found
[    1.526207] hub 3-0:1.0: 4 ports detected
[    1.526882] xhci_hcd 0000:04:00.4: xHCI Host Controller
[    1.526886] xhci_hcd 0000:04:00.4: new USB bus registered, assigned bus number 4
[    1.527038] xhci_hcd 0000:04:00.4: hcc params 0x0260ffe5 hci version 0x110 quirks 0x0000000840000410
[    1.527873] usb usb4: New USB device found, idVendor=1d6b, idProduct=0002, bcdDevice= 5.06
[    1.527875] usb usb4: New USB device strings: Mfr=3, Product=2, SerialNumber=1
[    1.527877] usb usb4: Product: xHCI Host Controller
[    1.527878] usb usb4: Manufacturer: Linux 5.6.4-arch1-1 xhci-hcd
[    1.527879] usb usb4: SerialNumber: 0000:04:00.4
[    1.528046] hub 4-0:1.0: USB hub found
[    1.528060] hub 4-0:1.0: 2 ports detected
[    1.528245] xhci_hcd 0000:04:00.4: xHCI Host Controller
[    1.528248] xhci_hcd 0000:04:00.4: new USB bus registered, assigned bus number 5
[    1.528251] xhci_hcd 0000:04:00.4: Host supports USB 3.1 Enhanced SuperSpeed
[    1.528290] usb usb5: We don't know the algorithms for LPM for this host, disabling LPM.
[    1.528315] usb usb5: New USB device found, idVendor=1d6b, idProduct=0003, bcdDevice= 5.06
[    1.528316] usb usb5: New USB device strings: Mfr=3, Product=2, SerialNumber=1
[    1.528317] usb usb5: Product: xHCI Host Controller
[    1.528317] usb usb5: Manufacturer: Linux 5.6.4-arch1-1 xhci-hcd
[    1.528318] usb usb5: SerialNumber: 0000:04:00.4
[    1.528445] hub 5-0:1.0: USB hub found
[    1.528456] hub 5-0:1.0: 1 port detected
[    1.559748] input: AT Translated Set 2 keyboard as /devices/platform/i8042/serio0/input/input5
[    1.609509] device-mapper: uevent: version 1.0.3
[    1.609579] device-mapper: ioctl: 4.42.0-ioctl (2020-02-27) initialised: dm-devel@redhat.com
[    1.613854] random: cryptsetup: uninitialized urandom read (4 bytes read)
[    1.616291] random: cryptsetup: uninitialized urandom read (4 bytes read)
[    1.855651] usb 4-2: new high-speed USB device number 2 using xhci_hcd
[    1.855661] usb 2-2: new full-speed USB device number 2 using xhci_hcd
[    1.875155] usb 4-2: New USB device found, idVendor=05e3, idProduct=0610, bcdDevice=60.52
[    1.875160] usb 4-2: New USB device strings: Mfr=0, Product=1, SerialNumber=0
[    1.875163] usb 4-2: Product: USB2.0 Hub
[    1.913473] hub 4-2:1.0: USB hub found
[    1.913853] hub 4-2:1.0: 4 ports detected
[    2.009171] usb 2-2: New USB device found, idVendor=04d9, idProduct=0209, bcdDevice=11.02
[    2.009174] usb 2-2: New USB device strings: Mfr=0, Product=1, SerialNumber=0
[    2.009175] usb 2-2: Product: USB-HID Keyboard
[    2.024045] hid: raw HID events driver (C) Jiri Kosina
[    2.039736] usbcore: registered new interface driver usbhid
[    2.039739] usbhid: USB HID core driver
[    2.042082] input: USB-HID Keyboard as /devices/pci0000:00/0000:00:08.1/0000:04:00.3/usb2/2-2/2-2:1.0/0003:04D9:0209.0001/input/input7
[    2.089004] tsc: Refined TSC clocksource calibration: 2096.062 MHz
[    2.089014] clocksource: tsc: mask: 0xffffffffffffffff max_cycles: 0x1e36a88731c, max_idle_ns: 440795269020 ns
[    2.089222] clocksource: Switched to clocksource tsc
[    2.096458] hid-generic 0003:04D9:0209.0001: input,hidraw0: USB HID v1.11 Keyboard [USB-HID Keyboard] on usb-0000:04:00.3-2/input0
[    2.096732] hid-generic 0003:04D9:0209.0002: hiddev0,hidraw1: USB HID v1.11 Device [USB-HID Keyboard] on usb-0000:04:00.3-2/input1
[    2.097035] input: USB-HID Keyboard System Control as /devices/pci0000:00/0000:00:08.1/0000:04:00.3/usb2/2-2/2-2:1.2/0003:04D9:0209.0003/input/input8
[    2.142840] usb 2-3: new full-speed USB device number 3 using xhci_hcd
[    2.152825] input: USB-HID Keyboard Consumer Control as /devices/pci0000:00/0000:00:08.1/0000:04:00.3/usb2/2-2/2-2:1.2/0003:04D9:0209.0003/input/input9
[    2.152885] input: USB-HID Keyboard as /devices/pci0000:00/0000:00:08.1/0000:04:00.3/usb2/2-2/2-2:1.2/0003:04D9:0209.0003/input/input10
[    2.153028] hid-generic 0003:04D9:0209.0003: input,hidraw2: USB HID v1.11 Keyboard [USB-HID Keyboard] on usb-0000:04:00.3-2/input2
[    2.259380] usb 4-2.1: new high-speed USB device number 3 using xhci_hcd
[    2.289212] usb 4-2.1: New USB device found, idVendor=04ca, idProduct=7070, bcdDevice= 0.24
[    2.289214] usb 4-2.1: New USB device strings: Mfr=1, Product=2, SerialNumber=0
[    2.289216] usb 4-2.1: Product: Integrated Camera
[    2.289217] usb 4-2.1: Manufacturer: 8SSC20F27068L1GZ99L74X5
[    2.305568] usb 2-3: New USB device found, idVendor=1532, idProduct=001e, bcdDevice= 2.00
[    2.305573] usb 2-3: New USB device strings: Mfr=1, Product=2, SerialNumber=0
[    2.305576] usb 2-3: Product: Razer Lachesis
[    2.305578] usb 2-3: Manufacturer: Razer
[    2.343316] input: Razer Razer Lachesis as /devices/pci0000:00/0000:00:08.1/0000:04:00.3/usb2/2-3/2-3:1.0/0003:1532:001E.0004/input/input11
[    2.343384] hid-generic 0003:1532:001E.0004: input,hidraw3: USB HID v1.11 Mouse [Razer Razer Lachesis] on usb-0000:04:00.3-3/input0
[    2.350907] input: Razer Razer Lachesis Keyboard as /devices/pci0000:00/0000:00:08.1/0000:04:00.3/usb2/2-3/2-3:1.1/0003:1532:001E.0005/input/input12
[    2.402830] usb 4-2.4: new full-speed USB device number 4 using xhci_hcd
[    2.406338] input: Razer Razer Lachesis Consumer Control as /devices/pci0000:00/0000:00:08.1/0000:04:00.3/usb2/2-3/2-3:1.1/0003:1532:001E.0005/input/input13
[    2.406405] input: Razer Razer Lachesis System Control as /devices/pci0000:00/0000:00:08.1/0000:04:00.3/usb2/2-3/2-3:1.1/0003:1532:001E.0005/input/input14
[    2.406491] hid-generic 0003:1532:001E.0005: input,hidraw4: USB HID v1.11 Keyboard [Razer Razer Lachesis] on usb-0000:04:00.3-3/input1
[    2.512438] usb 4-2.4: New USB device found, idVendor=06cb, idProduct=00bd, bcdDevice= 0.00
[    2.512443] usb 4-2.4: New USB device strings: Mfr=0, Product=0, SerialNumber=1
[    2.512446] usb 4-2.4: SerialNumber: af3f4be21325
[   12.581126] random: crng init done
[   16.990452] PM: Image not found (code -22)
[   17.121391] EXT4-fs (dm-2): mounted filesystem with ordered data mode. Opts: (null)
[   17.217472] systemd[1]: systemd 245.4-2-arch running in system mode. (+PAM +AUDIT -SELINUX -IMA -APPARMOR +SMACK -SYSVINIT +UTMP +LIBCRYPTSETUP +GCRYPT +GNUTLS +ACL +XZ +LZ4 +SECCOMP +BLKID +ELFUTILS +KMOD +IDN2 -IDN +PCRE2 default-hierarchy=hybrid)
[   17.232393] systemd[1]: Detected architecture x86-64.
[   17.262746] systemd[1]: Set hostname to <RED14>.
[   17.357167] systemd[1]: Created slice system-dhcpcd.slice.
[   17.357353] systemd[1]: Created slice system-getty.slice.
[   17.357516] systemd[1]: Created slice system-modprobe.slice.
[   17.357768] systemd[1]: Created slice system-systemd\x2dfsck.slice.
[   17.357952] systemd[1]: Created slice User and Session Slice.
[   17.358014] systemd[1]: Started Dispatch Password Requests to Console Directory Watch.
[   17.358089] systemd[1]: Started Forward Password Requests to Wall Directory Watch.
[   17.358226] systemd[1]: Set up automount Arbitrary Executable File Formats File System Automount Point.
[   17.358272] systemd[1]: Reached target Local Encrypted Volumes.
[   17.358309] systemd[1]: Reached target Paths.
[   17.358341] systemd[1]: Reached target Remote File Systems.
[   17.358371] systemd[1]: Reached target Slices.
[   17.358462] systemd[1]: Listening on Device-mapper event daemon FIFOs.
[   17.358546] systemd[1]: Listening on LVM2 metadata daemon socket.
[   17.358612] systemd[1]: Listening on LVM2 poll daemon socket.
[   17.360258] systemd[1]: Listening on Process Core Dump Socket.
[   17.360315] systemd[1]: Listening on initctl Compatibility Named Pipe.
[   17.360458] systemd[1]: Listening on Journal Audit Socket.
[   17.360532] systemd[1]: Listening on Journal Socket (/dev/log).
[   17.360610] systemd[1]: Listening on Journal Socket.
[   17.360691] systemd[1]: Listening on udev Control Socket.
[   17.360755] systemd[1]: Listening on udev Kernel Socket.
[   17.361443] systemd[1]: Mounting Huge Pages File System...
[   17.362140] systemd[1]: Mounting POSIX Message Queue File System...
[   17.362954] systemd[1]: Mounting Kernel Debug File System...
[   17.363669] systemd[1]: Mounting Kernel Trace File System...
[   17.364787] systemd[1]: Starting Create list of static device nodes for the current kernel...
[   17.365557] systemd[1]: Starting Monitoring of LVM2 mirrors, snapshots etc. using dmeventd or progress polling...
[   17.366463] systemd[1]: Starting Load Kernel Module drm...
[   17.366859] systemd[1]: Condition check resulted in Set Up Additional Binary Formats being skipped.
[   17.366891] systemd[1]: Condition check resulted in File System Check on Root Device being skipped.
[   17.367997] systemd[1]: Starting Journal Service...
[   17.368310] systemd[1]: Condition check resulted in Load Kernel Modules being skipped.
[   17.368381] systemd[1]: Condition check resulted in FUSE Control File System being skipped.
[   17.369223] systemd[1]: Mounting Kernel Configuration File System...
[   17.370211] systemd[1]: Starting Remount Root and Kernel File Systems...
[   17.371184] systemd[1]: Starting Apply Kernel Variables...
[   17.372104] systemd[1]: Starting udev Coldplug all Devices...
[   17.373897] systemd[1]: Mounted Huge Pages File System.
[   17.374051] systemd[1]: Mounted POSIX Message Queue File System.
[   17.374186] systemd[1]: Mounted Kernel Debug File System.
[   17.374306] systemd[1]: Mounted Kernel Trace File System.
[   17.374920] systemd[1]: Finished Create list of static device nodes for the current kernel.
[   17.375124] Linux agpgart interface v0.103
[   17.375172] systemd[1]: Mounted Kernel Configuration File System.
[   17.378870] EXT4-fs (dm-2): re-mounted. Opts: (null)
[   17.380515] systemd[1]: Finished Remount Root and Kernel File Systems.
[   17.381884] systemd[1]: Started LVM2 metadata daemon.
[   17.381971] systemd[1]: Condition check resulted in First Boot Wizard being skipped.
[   17.383042] systemd[1]: Condition check resulted in Rebuild Hardware Database being skipped.
[   17.383944] systemd[1]: Starting Load/Save Random Seed...
[   17.383988] systemd[1]: Condition check resulted in Create System Users being skipped.
[   17.385115] systemd[1]: Starting Create Static Device Nodes in /dev...
[   17.385953] systemd[1]: Finished Apply Kernel Variables.
[   17.394984] systemd[1]: Finished Load/Save Random Seed.
[   17.401880] systemd[1]: Finished Create Static Device Nodes in /dev.
[   17.403097] systemd[1]: Starting udev Kernel Device Manager...
[   17.411474] systemd[1]: modprobe@drm.service: Succeeded.
[   17.411978] systemd[1]: Finished Load Kernel Module drm.
[   17.438987] systemd[1]: Finished udev Coldplug all Devices.
[   17.679462] systemd[1]: Started Journal Service.
[   17.679571] audit: type=1130 audit(1587143767.054:2): pid=1 uid=0 auid=4294967295 ses=4294967295 msg='unit=systemd-journald comm="systemd" exe="/usr/lib/systemd/systemd" hostname=? addr=? terminal=? res=success'
[   17.687704] systemd-journald[450]: Received client request to flush runtime journal.
[   17.689316] audit: type=1130 audit(1587143767.064:3): pid=1 uid=0 auid=4294967295 ses=4294967295 msg='unit=systemd-udevd comm="systemd" exe="/usr/lib/systemd/systemd" hostname=? addr=? terminal=? res=success'
[   17.690054] systemd-journald[450]: File /var/log/journal/072f799ad4d14666a046457b275e9d28/system.journal corrupted or uncleanly shut down, renaming and replacing.
[   17.722794] audit: type=1130 audit(1587143767.097:4): pid=1 uid=0 auid=4294967295 ses=4294967295 msg='unit=systemd-journal-flush comm="systemd" exe="/usr/lib/systemd/systemd" hostname=? addr=? terminal=? res=success'
[   17.729747] acpi_cpufreq: overriding BIOS provided _PSD data
[   17.748669] ACPI: AC Adapter [AC] (on-line)
[   17.779126] battery: ACPI: Battery Slot [BAT0] (battery present)
[   17.786965] acpi PNP0C14:01: duplicate WMI GUID 05901221-D566-11D1-B2F0-00A0C9062910 (first instance was on PNP0C14:00)
[   17.787193] acpi PNP0C14:02: duplicate WMI GUID 05901221-D566-11D1-B2F0-00A0C9062910 (first instance was on PNP0C14:00)
[   17.787308] acpi PNP0C14:03: duplicate WMI GUID 05901221-D566-11D1-B2F0-00A0C9062910 (first instance was on PNP0C14:00)
[   17.788650] acpi PNP0C14:04: duplicate WMI GUID 05901221-D566-11D1-B2F0-00A0C9062910 (first instance was on PNP0C14:00)
[   17.790518] IPMI message handler: version 39.2
[   17.850173] input: PC Speaker as /devices/platform/pcspkr/input/input20
[   17.851562] ipmi device interface
[   17.851613] piix4_smbus 0000:00:14.0: SMBus Host Controller at 0xb00, revision 0
[   17.851617] piix4_smbus 0000:00:14.0: Using register 0x02 for SMBus port selection
[   17.859140] ipmi_si: IPMI System Interface driver
[   17.859222] ipmi_si: Unable to find any System Interface(s)
[   17.859354] r8169 0000:03:00.0: can't disable ASPM; OS doesn't have ASPM control
[   17.862171] tpm_tis STM7308:00: 2.0 TPM (device-id 0x0, rev-id 78)
[   17.862772] tpm tpm0: tpm_try_transmit: send(): error -5
[   17.862774] tpm tpm0: [Firmware Bug]: TPM interrupt not working, polling instead
[   17.864084] snd_pci_acp3x 0000:04:00.5: enabling device (0000 -> 0002)
[   17.864286] snd_pci_acp3x 0000:04:00.5: Invalid ACP audio mode : 2
[   17.868034] mc: Linux media interface: v0.10
[   17.868113] mousedev: PS/2 mouse device common for all mice
[   17.875818] libphy: r8169: probed
[   17.876051] r8169 0000:03:00.0 eth0: RTL8168ep/8111ep, 98:fa:9b:d6:0e:4d, XID 502, IRQ 71
[   17.876054] r8169 0000:03:00.0 eth0: jumbo features [frames: 9200 bytes, tx checksumming: ko]
[   17.921801] Non-volatile memory driver v1.3
[   17.922269] sp5100_tco: SP5100/SB800 TCO WatchDog Timer Driver
[   17.922401] sp5100-tco sp5100-tco: Using 0xfeb00000 for watchdog MMIO address
[   17.922629] sp5100-tco sp5100-tco: initialized. heartbeat=60 sec (nowayout=0)
[   17.968211] audit: type=1130 audit(1587143767.341:5): pid=1 uid=0 auid=4294967295 ses=4294967295 msg='unit=lvm2-monitor comm="systemd" exe="/usr/lib/systemd/systemd" hostname=? addr=? terminal=? res=success'
[   17.974859] videodev: Linux video capture interface: v2.00
[   17.976146] thinkpad_acpi: ThinkPad ACPI Extras v0.26
[   17.976148] thinkpad_acpi: http://ibm-acpi.sf.net/
[   17.976149] thinkpad_acpi: ThinkPad BIOS R13ET42W(1.16 ), EC R13HT42W
[   17.976150] thinkpad_acpi: Lenovo ThinkPad T495s, model 20QJ0005US
[   17.978042] thinkpad_acpi: radio switch found; radios are enabled
[   17.978058] thinkpad_acpi: This ThinkPad has standard ACPI backlight brightness control, supported by the ACPI video driver
[   17.978059] thinkpad_acpi: Disabling thinkpad-acpi brightness events by default...
[   17.981186] thinkpad_acpi: rfkill switch tpacpi_bluetooth_sw: radio is unblocked
[   17.996220] cfg80211: Loading compiled-in X.509 certificates for regulatory database
[   18.001445] cfg80211: Loaded X.509 cert 'sforshee: 00b28ddf47aef9cea7'
[   18.001467] thinkpad_acpi: Standard ACPI backlight interface available, not loading native one
[   18.001932] platform regulatory.0: Direct firmware load for regulatory.db failed with error -2
[   18.001935] cfg80211: failed to load regulatory.db
[   18.018564] thinkpad_acpi: battery 1 registered (start 95, stop 100)
[   18.018573] battery: new extension: ThinkPad Battery Extension
[   18.018709] input: ThinkPad Extra Buttons as /devices/platform/thinkpad_acpi/input/input22
[   18.038113] kvm: Nested Virtualization enabled
[   18.038125] kvm: Nested Paging enabled
[   18.038126] SVM: Virtual VMLOAD VMSAVE supported
[   18.038127] SVM: Virtual GIF supported
[   18.046347] audit: type=1130 audit(1587143767.421:6): pid=1 uid=0 auid=4294967295 ses=4294967295 msg='unit=systemd-fsck@dev-disk-by\x2duuid-9E39\x2dA59D comm="systemd" exe="/usr/lib/systemd/systemd" hostname=? addr=? terminal=? res=success'
[   18.061666] MCE: In-kernel MCE decoding enabled.
[   18.062976] Adding 8388604k swap on /dev/mapper/system-swap.  Priority:-2 extents:1 across:8388604k SSFS
[   18.065166] EDAC amd64: F17h_M10h detected (node 0).
[   18.075012] EDAC amd64: Node 0: DRAM ECC disabled.
[   18.105957] Intel(R) Wireless WiFi driver for Linux
[   18.105960] Copyright(c) 2003- 2015 Intel Corporation
[   18.106307] iwlwifi 0000:01:00.0: enabling device (0000 -> 0002)
[   18.110079] audit: type=1130 audit(1587143767.484:7): pid=1 uid=0 auid=4294967295 ses=4294967295 msg='unit=lvm2-pvscan@254:0 comm="systemd" exe="/usr/lib/systemd/systemd" hostname=? addr=? terminal=? res=success'
[   18.118155] iwlwifi 0000:01:00.0: Found debug destination: EXTERNAL_DRAM
[   18.118158] iwlwifi 0000:01:00.0: Found debug configuration: 0
[   18.118734] iwlwifi 0000:01:00.0: loaded firmware version 46.6bf1df06.0 9260-th-b0-jf-b0-46.ucode op_mode iwlmvm
[   18.137058] EDAC amd64: F17h_M10h detected (node 0).
[   18.137125] EDAC amd64: Node 0: DRAM ECC disabled.
[   18.143532] uvcvideo: Found UVC 1.00 device Integrated Camera (04ca:7070)
[   18.149629] snd_hda_intel 0000:04:00.1: enabling device (0000 -> 0002)
[   18.149770] snd_hda_intel 0000:04:00.1: Handle vga_switcheroo audio client
[   18.149920] snd_hda_intel 0000:04:00.6: enabling device (0000 -> 0002)
[   18.169135] uvcvideo 4-2.1:1.0: Entity type for entity Extension 4 was not initialized!
[   18.169139] uvcvideo 4-2.1:1.0: Entity type for entity Extension 3 was not initialized!
[   18.169141] uvcvideo 4-2.1:1.0: Entity type for entity Processing 2 was not initialized!
[   18.169142] uvcvideo 4-2.1:1.0: Entity type for entity Camera 1 was not initialized!
[   18.169234] input: Integrated Camera: Integrated C as /devices/pci0000:00/0000:00:08.1/0000:04:00.4/usb4/4-2/4-2.1/4-2.1:1.0/input/input23
[   18.169310] usbcore: registered new interface driver uvcvideo
[   18.169311] USB Video Class driver (1.1.1)
[   18.176557] EDAC amd64: F17h_M10h detected (node 0).
[   18.176623] EDAC amd64: Node 0: DRAM ECC disabled.
[   18.237144] r8169 0000:03:00.0 enp3s0f0: renamed from eth0
[   18.244863] audit: type=1130 audit(1587143767.617:8): pid=1 uid=0 auid=4294967295 ses=4294967295 msg='unit=systemd-rfkill comm="systemd" exe="/usr/lib/systemd/systemd" hostname=? addr=? terminal=? res=success'
[   18.256085] audit: type=1130 audit(1587143767.631:9): pid=1 uid=0 auid=4294967295 ses=4294967295 msg='unit=systemd-backlight@leds:tpacpi::kbd_backlight comm="systemd" exe="/usr/lib/systemd/systemd" hostname=? addr=? terminal=? res=success'
[   18.292042] EDAC amd64: F17h_M10h detected (node 0).
[   18.292210] EDAC amd64: Node 0: DRAM ECC disabled.
[   18.293995] input: HD-Audio Generic HDMI/DP,pcm=3 as /devices/pci0000:00/0000:00:08.1/0000:04:00.1/sound/card0/input24
[   18.294103] input: HD-Audio Generic HDMI/DP,pcm=7 as /devices/pci0000:00/0000:00:08.1/0000:04:00.1/sound/card0/input25
[   18.294205] input: HD-Audio Generic HDMI/DP,pcm=8 as /devices/pci0000:00/0000:00:08.1/0000:04:00.1/sound/card0/input26
[   18.357527] EDAC amd64: F17h_M10h detected (node 0).
[   18.357660] EDAC amd64: Node 0: DRAM ECC disabled.
[   18.358346] snd_hda_codec_realtek hdaudioC1D0: autoconfig for ALC257: line_outs=1 (0x14/0x0/0x0/0x0/0x0) type:speaker
[   18.358348] snd_hda_codec_realtek hdaudioC1D0:    speaker_outs=0 (0x0/0x0/0x0/0x0/0x0)
[   18.358350] snd_hda_codec_realtek hdaudioC1D0:    hp_outs=1 (0x21/0x0/0x0/0x0/0x0)
[   18.358351] snd_hda_codec_realtek hdaudioC1D0:    mono: mono_out=0x0
[   18.358352] snd_hda_codec_realtek hdaudioC1D0:    inputs:
[   18.358353] snd_hda_codec_realtek hdaudioC1D0:      Mic=0x19
[   18.358354] snd_hda_codec_realtek hdaudioC1D0:      Internal Mic=0x12
[   18.368864] psmouse serio1: elantech: assuming hardware version 4 (with firmware version 0x7f3001)
[   18.379308] psmouse serio1: elantech: Synaptics capabilities query result 0x90, 0x18, 0x0f.
[   18.389632] psmouse serio1: elantech: Elan sample query result 00, 2f, c9
[   18.416245] psmouse serio1: elantech: Trying to set up SMBus access
[   18.416251] psmouse serio1: elantech: SMbus companion is not ready yet
[   18.436668] input: ETPS/2 Elantech TrackPoint as /devices/platform/i8042/serio1/input/input30
[   18.445492] audit: type=1130 audit(1587143767.817:10): pid=1 uid=0 auid=4294967295 ses=4294967295 msg='unit=systemd-fsck@dev-disk-by\x2duuid-edb52e44\x2de788\x2d4eec\x2d8602\x2d7a4521ede33d comm="systemd" exe="/usr/lib/systemd/systemd" hostname=? addr=? terminal=? res=success'
[   18.446471] input: HDA Digital PCBeep as /devices/pci0000:00/0000:00:08.1/0000:04:00.6/sound/card1/input27
[   18.446533] input: HD-Audio Generic Mic as /devices/pci0000:00/0000:00:08.1/0000:04:00.6/sound/card1/input28
[   18.446593] EDAC amd64: F17h_M10h detected (node 0).
[   18.446608] input: HD-Audio Generic Headphone as /devices/pci0000:00/0000:00:08.1/0000:04:00.6/sound/card1/input29
[   18.446657] EDAC amd64: Node 0: DRAM ECC disabled.
[   18.451132] input: ETPS/2 Elantech Touchpad as /devices/platform/i8042/serio1/input/input21
[   18.453677] iwlwifi 0000:01:00.0: Detected Intel(R) Wireless-AC 9260 160MHz, REV=0x324
[   18.455245] EXT4-fs (dm-3): mounted filesystem with ordered data mode. Opts: (null)
[   18.463933] iwlwifi 0000:01:00.0: Applying debug destination EXTERNAL_DRAM
[   18.466130] iwlwifi 0000:01:00.0: Allocated 0x00400000 bytes for firmware monitor.
[   18.477631] audit: type=1130 audit(1587143767.851:11): pid=1 uid=0 auid=4294967295 ses=4294967295 msg='unit=systemd-tmpfiles-setup comm="systemd" exe="/usr/lib/systemd/systemd" hostname=? addr=? terminal=? res=success'
[   18.509695] EDAC amd64: F17h_M10h detected (node 0).
[   18.509830] EDAC amd64: Node 0: DRAM ECC disabled.
[   18.512636] iwlwifi 0000:01:00.0: base HW address: 0c:dd:24:83:ce:b7
[   18.580774] ieee80211 phy0: Selected rate control algorithm 'iwl-mvm-rs'
[   18.581739] thermal thermal_zone0: failed to read out thermal zone (-61)
[   18.581787] EDAC amd64: F17h_M10h detected (node 0).
[   18.581895] [drm] amdgpu kernel modesetting enabled.
[   18.581971] EDAC amd64: Node 0: DRAM ECC disabled.
[   18.582634] Parsing CRAT table with 1 nodes
[   18.582646] Creating topology SYSFS entries
[   18.582730] Topology: Add APU node [0x0:0x0]
[   18.582732] Finished initializing topology
[   18.582899] checking generic (c0000000 7f0000) vs hw (c0000000 10000000)
[   18.582902] fb0: switching to amdgpudrmfb from EFI VGA
[   18.583067] Console: switching to colour dummy device 80x25
[   18.583303] amdgpu 0000:04:00.0: vgaarb: deactivate vga console
[   18.583518] amdgpu 0000:04:00.0: enabling device (0006 -> 0007)
[   18.584600] [drm] initializing kernel modesetting (RAVEN 0x1002:0x15D8 0x17AA:0x5127 0xD2).
[   18.585693] [drm] register mmio base: 0xD0500000
[   18.585696] [drm] register mmio size: 524288
[   18.585722] [drm] add ip block number 0 <soc15_common>
[   18.585724] [drm] add ip block number 1 <gmc_v9_0>
[   18.585726] [drm] add ip block number 2 <vega10_ih>
[   18.585727] [drm] add ip block number 3 <psp>
[   18.585729] [drm] add ip block number 4 <gfx_v9_0>
[   18.585731] [drm] add ip block number 5 <sdma_v4_0>
[   18.585733] [drm] add ip block number 6 <powerplay>
[   18.585736] [drm] add ip block number 7 <dm>
[   18.585737] [drm] add ip block number 8 <vcn_v1_0>
[   18.586161] iwlwifi 0000:01:00.0 wlp1s0: renamed from wlan0
[   18.586312] ATOM BIOS: 113-PICASSO-114
[   18.586723] [drm] VCN decode is enabled in VM mode
[   18.586724] [drm] VCN encode is enabled in VM mode
[   18.586725] [drm] JPEG decode is enabled in VM mode
[   18.586788] [drm] vm size is 262144 GB, 4 levels, block size is 9-bit, fragment size is 9-bit
[   18.586804] amdgpu 0000:04:00.0: VRAM: 512M 0x000000F400000000 - 0x000000F41FFFFFFF (512M used)
[   18.586807] amdgpu 0000:04:00.0: GART: 1024M 0x0000000000000000 - 0x000000003FFFFFFF
[   18.586809] amdgpu 0000:04:00.0: AGP: 267419648M 0x000000F800000000 - 0x0000FFFFFFFFFFFF
[   18.586816] [drm] Detected VRAM RAM=512M, BAR=512M
[   18.586817] [drm] RAM width 128bits DDR4
[   18.586929] [TTM] Zone  kernel: Available graphics memory: 3792544 KiB
[   18.586931] [TTM] Zone   dma32: Available graphics memory: 2097152 KiB
[   18.586932] [TTM] Initializing pool allocator
[   18.586937] [TTM] Initializing DMA pool allocator
[   18.587003] [drm] amdgpu: 512M of VRAM memory ready
[   18.587008] [drm] amdgpu: 3072M of GTT memory ready.
[   18.587026] [drm] GART: num cpu pages 262144, num gpu pages 262144
[   18.587271] [drm] PCIE GART of 1024M enabled (table at 0x000000F400900000).
[   18.594362] [drm] use_doorbell being set to: [true]
[   18.594422] amdgpu: [powerplay] hwmgr_sw_init smu backed is smu10_smu
[   18.596101] [drm] Found VCN firmware Version ENC: 1.9 DEC: 1 VEP: 0 Revision: 28
[   18.596108] [drm] PSP loading VCN firmware
[   18.617172] [drm] reserve 0x400000 from 0xf41f800000 for PSP TMR
[   18.668521] 8021q: 802.1Q VLAN Support v1.8
[   18.707237] iwlwifi 0000:01:00.0: Applying debug destination EXTERNAL_DRAM
[   18.823630] iwlwifi 0000:01:00.0: Applying debug destination EXTERNAL_DRAM
[   18.828989] amdgpu 0000:04:00.0: RAS: ras ta ucode is not available
[   18.850579] [drm] kiq ring mec 2 pipe 1 q 0
[   18.851706] [drm] DM_PPLIB: values for F clock
[   18.851709] [drm] DM_PPLIB:	 400000 in kHz, 2874 in mV
[   18.851710] [drm] DM_PPLIB:	 933000 in kHz, 3224 in mV
[   18.851711] [drm] DM_PPLIB:	 1067000 in kHz, 3924 in mV
[   18.851712] [drm] DM_PPLIB:	 1200000 in kHz, 4074 in mV
[   18.851714] [drm] DM_PPLIB: values for DCF clock
[   18.851715] [drm] DM_PPLIB:	 300000 in kHz, 2874 in mV
[   18.851716] [drm] DM_PPLIB:	 600000 in kHz, 3224 in mV
[   18.851717] [drm] DM_PPLIB:	 626000 in kHz, 3924 in mV
[   18.851718] [drm] DM_PPLIB:	 654000 in kHz, 4074 in mV
[   18.852026] [drm] Display Core initialized with v3.2.69!
[   18.859207] snd_hda_intel 0000:04:00.1: bound 0000:04:00.0 (ops amdgpu_dm_audio_component_bind_ops [amdgpu])
[   18.890658] iwlwifi 0000:01:00.0: FW already configured (0) - re-configuring
[   18.894571] [drm] Supports vblank timestamp caching Rev 2 (21.10.2013).
[   18.894573] [drm] Driver supports precise vblank timestamp query.
[   18.897028] [drm] VCN decode and encode initialized successfully(under DPG Mode).
[   18.899116] kfd kfd: Allocated 3969056 bytes on gart
[   18.900462] Topology: Add APU node [0x15d8:0x1002]
[   18.900467] kfd kfd: added device 1002:15d8
[   18.905155] [drm] fb mappable at 0x21FBC1000
[   18.905157] [drm] vram apper at 0x21F000000
[   18.905158] [drm] size 33177600
[   18.905159] [drm] fb depth is 24
[   18.905160] [drm]    pitch is 15360
[   18.905255] fbcon: amdgpudrmfb (fb0) is primary device
[   18.925909] Console: switching to colour frame buffer device 240x67
[   18.948963] amdgpu 0000:04:00.0: fb0: amdgpudrmfb frame buffer device
[   18.974680] amdgpu 0000:04:00.0: ring gfx uses VM inv eng 0 on hub 0
[   18.974683] amdgpu 0000:04:00.0: ring comp_1.0.0 uses VM inv eng 1 on hub 0
[   18.974684] amdgpu 0000:04:00.0: ring comp_1.1.0 uses VM inv eng 4 on hub 0
[   18.974686] amdgpu 0000:04:00.0: ring comp_1.2.0 uses VM inv eng 5 on hub 0
[   18.974687] amdgpu 0000:04:00.0: ring comp_1.3.0 uses VM inv eng 6 on hub 0
[   18.974688] amdgpu 0000:04:00.0: ring comp_1.0.1 uses VM inv eng 7 on hub 0
[   18.974690] amdgpu 0000:04:00.0: ring comp_1.1.1 uses VM inv eng 8 on hub 0
[   18.974691] amdgpu 0000:04:00.0: ring comp_1.2.1 uses VM inv eng 9 on hub 0
[   18.974693] amdgpu 0000:04:00.0: ring comp_1.3.1 uses VM inv eng 10 on hub 0
[   18.974694] amdgpu 0000:04:00.0: ring kiq_2.1.0 uses VM inv eng 11 on hub 0
[   18.974695] amdgpu 0000:04:00.0: ring sdma0 uses VM inv eng 0 on hub 1
[   18.974697] amdgpu 0000:04:00.0: ring vcn_dec uses VM inv eng 1 on hub 1
[   18.974698] amdgpu 0000:04:00.0: ring vcn_enc0 uses VM inv eng 4 on hub 1
[   18.974699] amdgpu 0000:04:00.0: ring vcn_enc1 uses VM inv eng 5 on hub 1
[   18.974700] amdgpu 0000:04:00.0: ring jpeg_dec uses VM inv eng 6 on hub 1
[   19.024688] [drm] Initialized amdgpu 3.36.0 20150101 for 0000:04:00.0 on minor 0
[   22.255082] wlp1s0: authenticate with 60:31:97:ff:e5:a9
[   22.256812] wlp1s0: send auth to 60:31:97:ff:e5:a9 (try 1/3)
[   22.297548] wlp1s0: authenticated
[   22.298987] wlp1s0: associate with 60:31:97:ff:e5:a9 (try 1/3)
[   22.300941] wlp1s0: RX AssocResp from 60:31:97:ff:e5:a9 (capab=0x411 status=0 aid=4)
[   22.304050] wlp1s0: associated
[   22.398118] wlp1s0: Limiting TX power to 27 (30 - 3) dBm as advertised by 60:31:97:ff:e5:a9
[   22.398799] IPv6: ADDRCONF(NETDEV_CHANGE): wlp1s0: link becomes ready
[   23.570327] kauditd_printk_skb: 9 callbacks suppressed
[   23.570331] audit: type=1130 audit(1587143772.944:21): pid=1 uid=0 auid=4294967295 ses=4294967295 msg='unit=dhcpcd@wlp1s0 comm="systemd" exe="/usr/lib/systemd/systemd" hostname=? addr=? terminal=? res=success'
[   23.580985] audit: type=1130 audit(1587143772.954:22): pid=1 uid=0 auid=4294967295 ses=4294967295 msg='unit=systemd-user-sessions comm="systemd" exe="/usr/lib/systemd/systemd" hostname=? addr=? terminal=? res=success'
[   23.583393] audit: type=1130 audit(1587143772.957:23): pid=1 uid=0 auid=4294967295 ses=4294967295 msg='unit=getty@tty1 comm="systemd" exe="/usr/lib/systemd/systemd" hostname=? addr=? terminal=? res=success'
[   23.590637] audit: type=1131 audit(1587143772.964:24): pid=1 uid=0 auid=4294967295 ses=4294967295 msg='unit=systemd-rfkill comm="systemd" exe="/usr/lib/systemd/systemd" hostname=? addr=? terminal=? res=success'
[   33.965291] audit: type=1100 audit(1587143783.337:25): pid=721 uid=0 auid=4294967295 ses=4294967295 msg='op=PAM:authentication grantors=? acct="rbaydoun" exe="/usr/bin/login" hostname=RED14 addr=? terminal=tty1 res=failed'
[   41.832177] audit: type=1100 audit(1587143791.204:26): pid=721 uid=0 auid=4294967295 ses=4294967295 msg='op=PAM:authentication grantors=pam_securetty,pam_tally2,pam_shells,pam_unix,pam_permit acct="rbaydoun" exe="/usr/bin/login" hostname=RED14 addr=? terminal=tty1 res=success'
[   41.894921] audit: type=1101 audit(1587143791.267:27): pid=721 uid=0 auid=4294967295 ses=4294967295 msg='op=PAM:accounting grantors=pam_tally2,pam_access,pam_unix,pam_permit,pam_time acct="rbaydoun" exe="/usr/bin/login" hostname=RED14 addr=? terminal=tty1 res=success'
[   41.900405] audit: type=1103 audit(1587143791.274:28): pid=721 uid=0 auid=4294967295 ses=4294967295 msg='op=PAM:setcred grantors=pam_securetty,pam_tally2,pam_shells,pam_unix,pam_permit acct="rbaydoun" exe="/usr/bin/login" hostname=RED14 addr=? terminal=tty1 res=success'
[   41.900539] audit: type=1006 audit(1587143791.274:29): pid=721 uid=0 old-auid=4294967295 auid=1000 tty=tty1 old-ses=4294967295 ses=1 res=1
[   41.937047] audit: type=1130 audit(1587143791.311:30): pid=1 uid=0 auid=4294967295 ses=4294967295 msg='unit=user-runtime-dir@1000 comm="systemd" exe="/usr/lib/systemd/systemd" hostname=? addr=? terminal=? res=success'
[   41.945871] audit: type=1101 audit(1587143791.321:31): pid=723 uid=0 auid=4294967295 ses=4294967295 msg='op=PAM:accounting grantors=pam_tally2,pam_access,pam_unix,pam_permit,pam_time acct="rbaydoun" exe="/usr/lib/systemd/systemd" hostname=? addr=? terminal=? res=success'
[   41.945916] audit: type=1103 audit(1587143791.321:32): pid=723 uid=0 auid=4294967295 ses=4294967295 msg='op=PAM:setcred grantors=? acct="rbaydoun" exe="/usr/lib/systemd/systemd" hostname=? addr=? terminal=? res=failed'
[   41.946003] audit: type=1006 audit(1587143791.321:33): pid=723 uid=0 old-auid=4294967295 auid=1000 tty=(none) old-ses=4294967295 ses=2 res=1
[   41.947006] audit: type=1105 audit(1587143791.321:34): pid=723 uid=0 auid=1000 ses=2 msg='op=PAM:session_open grantors=pam_loginuid,pam_loginuid,pam_keyinit,pam_limits,pam_unix,pam_permit,pam_mail,pam_systemd,pam_env acct="rbaydoun" exe="/usr/lib/systemd/systemd" hostname=? addr=? terminal=? res=success'
[   41.954156] audit: type=1334 audit(1587143791.327:35): prog-id=9 op=LOAD
[   42.018857] systemd-journald[450]: File /var/log/journal/072f799ad4d14666a046457b275e9d28/user-1000.journal corrupted or uncleanly shut down, renaming and replacing.
